2021-08-11 07:46:56,102 INFO org.springframework.boot.StartupInfoLogger [restartedMain] Starting ShashinApplicationKt using Java 16.0.2 on LAPTOP-KQMN93J1 with PID 9704 (C:\Users\micha\IdeaProjects\shashin\target\classes started by micha in C:\Users\micha\IdeaProjects\shashin)
2021-08-11 07:46:56,110 INFO org.springframework.boot.SpringApplication [restartedMain] No active profile set, falling back to default profiles: default
2021-08-11 07:46:56,303 INFO org.springframework.boot.logging.DeferredLog [restartedMain] Devtools property defaults active! Set 'spring.devtools.add-properties' to 'false' to disable
2021-08-11 07:46:56,305 INFO org.springframework.boot.logging.DeferredLog [restartedMain] For additional web related logging consider setting the 'logging.level.web' property to 'DEBUG'
2021-08-11 07:46:59,278 INFO org.springframework.boot.web.embedded.tomcat.TomcatWebServer [restartedMain] Tomcat initialized with port(s): 8080 (http)
2021-08-11 07:46:59,321 INFO org.apache.juli.logging.DirectJDKLog [restartedMain] Initializing ProtocolHandler ["http-nio-8080"]
2021-08-11 07:46:59,324 INFO org.apache.juli.logging.DirectJDKLog [restartedMain] Starting service [Tomcat]
2021-08-11 07:46:59,326 INFO org.apache.juli.logging.DirectJDKLog [restartedMain] Starting Servlet engine: [Apache Tomcat/9.0.50]
2021-08-11 07:46:59,596 INFO org.apache.juli.logging.DirectJDKLog [restartedMain] Initializing Spring embedded WebApplicationContext
2021-08-11 07:46:59,597 INFO org.springframework.boot.web.servlet.context.ServletWebServerApplicationContext [restartedMain] Root WebApplicationContext: initialization completed in 3286 ms
2021-08-11 07:47:00,418 INFO org.springframework.boot.autoconfigure.web.servlet.WelcomePageHandlerMapping [restartedMain] Adding welcome page: class path resource [static/index.html]
2021-08-11 07:47:00,786 INFO org.springframework.boot.devtools.autoconfigure.OptionalLiveReloadServer [restartedMain] LiveReload server is running on port 35729
2021-08-11 07:47:00,822 INFO org.apache.juli.logging.DirectJDKLog [restartedMain] Starting ProtocolHandler ["http-nio-8080"]
2021-08-11 07:47:00,908 INFO org.springframework.boot.web.embedded.tomcat.TomcatWebServer [restartedMain] Tomcat started on port(s): 8080 (http) with context path ''
2021-08-11 07:47:00,936 INFO org.springframework.boot.StartupInfoLogger [restartedMain] Started ShashinApplicationKt in 6.002 seconds (JVM running for 8.364)
2021-08-11 07:47:03,777 INFO org.apache.juli.logging.DirectJDKLog [http-nio-8080-exec-2] Initializing Spring DispatcherServlet 'dispatcherServlet'
2021-08-11 07:47:03,779 INFO org.springframework.web.servlet.FrameworkServlet [http-nio-8080-exec-2] Initializing Servlet 'dispatcherServlet'
2021-08-11 07:47:03,785 INFO org.springframework.web.servlet.FrameworkServlet [http-nio-8080-exec-2] Completed initialization in 5 ms
2021-08-11 07:48:06,185 INFO org.springframework.boot.StartupInfoLogger [restartedMain] Starting ShashinApplicationKt using Java 16.0.2 on LAPTOP-KQMN93J1 with PID 19144 (C:\Users\micha\IdeaProjects\shashin\target\classes started by micha in C:\Users\micha\IdeaProjects\shashin)
2021-08-11 07:48:06,191 INFO org.springframework.boot.SpringApplication [restartedMain] No active profile set, falling back to default profiles: default
2021-08-11 07:48:06,295 INFO org.springframework.boot.logging.DeferredLog [restartedMain] Devtools property defaults active! Set 'spring.devtools.add-properties' to 'false' to disable
2021-08-11 07:48:06,297 INFO org.springframework.boot.logging.DeferredLog [restartedMain] For additional web related logging consider setting the 'logging.level.web' property to 'DEBUG'
2021-08-11 07:48:09,743 INFO org.springframework.boot.web.embedded.tomcat.TomcatWebServer [restartedMain] Tomcat initialized with port(s): 8080 (http)
2021-08-11 07:48:09,768 INFO org.apache.juli.logging.DirectJDKLog [restartedMain] Initializing ProtocolHandler ["http-nio-8080"]
2021-08-11 07:48:09,770 INFO org.apache.juli.logging.DirectJDKLog [restartedMain] Starting service [Tomcat]
2021-08-11 07:48:09,771 INFO org.apache.juli.logging.DirectJDKLog [restartedMain] Starting Servlet engine: [Apache Tomcat/9.0.50]
2021-08-11 07:48:09,918 INFO org.apache.juli.logging.DirectJDKLog [restartedMain] Initializing Spring embedded WebApplicationContext
2021-08-11 07:48:09,919 INFO org.springframework.boot.web.servlet.context.ServletWebServerApplicationContext [restartedMain] Root WebApplicationContext: initialization completed in 3620 ms
2021-08-11 07:48:10,597 INFO org.springframework.boot.autoconfigure.web.servlet.WelcomePageHandlerMapping [restartedMain] Adding welcome page: class path resource [static/index.html]
2021-08-11 07:48:10,957 INFO org.springframework.boot.devtools.autoconfigure.OptionalLiveReloadServer [restartedMain] LiveReload server is running on port 35729
2021-08-11 07:48:11,005 INFO org.apache.juli.logging.DirectJDKLog [restartedMain] Starting ProtocolHandler ["http-nio-8080"]
2021-08-11 07:48:11,078 INFO org.springframework.boot.web.embedded.tomcat.TomcatWebServer [restartedMain] Tomcat started on port(s): 8080 (http) with context path ''
2021-08-11 07:48:11,116 INFO org.springframework.boot.StartupInfoLogger [restartedMain] Started ShashinApplicationKt in 6.028 seconds (JVM running for 8.52)
2021-08-11 07:48:14,238 INFO org.apache.juli.logging.DirectJDKLog [http-nio-8080-exec-1] Initializing Spring DispatcherServlet 'dispatcherServlet'
2021-08-11 07:48:14,239 INFO org.springframework.web.servlet.FrameworkServlet [http-nio-8080-exec-1] Initializing Servlet 'dispatcherServlet'
2021-08-11 07:48:14,242 INFO org.springframework.web.servlet.FrameworkServlet [http-nio-8080-exec-1] Completed initialization in 2 ms
2021-08-11 07:48:50,343 INFO org.springframework.boot.StartupInfoLogger [restartedMain] Starting ShashinApplicationKt using Java 16.0.2 on LAPTOP-KQMN93J1 with PID 18556 (C:\Users\micha\IdeaProjects\shashin\target\classes started by micha in C:\Users\micha\IdeaProjects\shashin)
2021-08-11 07:48:50,350 INFO org.springframework.boot.SpringApplication [restartedMain] No active profile set, falling back to default profiles: default
2021-08-11 07:48:50,482 INFO org.springframework.boot.logging.DeferredLog [restartedMain] Devtools property defaults active! Set 'spring.devtools.add-properties' to 'false' to disable
2021-08-11 07:48:50,484 INFO org.springframework.boot.logging.DeferredLog [restartedMain] For additional web related logging consider setting the 'logging.level.web' property to 'DEBUG'
2021-08-11 07:48:52,787 INFO org.springframework.boot.web.embedded.tomcat.TomcatWebServer [restartedMain] Tomcat initialized with port(s): 8080 (http)
2021-08-11 07:48:52,802 INFO org.apache.juli.logging.DirectJDKLog [restartedMain] Initializing ProtocolHandler ["http-nio-8080"]
2021-08-11 07:48:52,803 INFO org.apache.juli.logging.DirectJDKLog [restartedMain] Starting service [Tomcat]
2021-08-11 07:48:52,804 INFO org.apache.juli.logging.DirectJDKLog [restartedMain] Starting Servlet engine: [Apache Tomcat/9.0.50]
2021-08-11 07:48:52,918 INFO org.apache.juli.logging.DirectJDKLog [restartedMain] Initializing Spring embedded WebApplicationContext
2021-08-11 07:48:52,919 INFO org.springframework.boot.web.servlet.context.ServletWebServerApplicationContext [restartedMain] Root WebApplicationContext: initialization completed in 2432 ms
2021-08-11 07:48:53,511 INFO org.springframework.boot.autoconfigure.web.servlet.WelcomePageHandlerMapping [restartedMain] Adding welcome page: class path resource [static/index.html]
2021-08-11 07:48:53,774 INFO org.springframework.boot.devtools.autoconfigure.OptionalLiveReloadServer [restartedMain] LiveReload server is running on port 35729
2021-08-11 07:48:53,803 INFO org.apache.juli.logging.DirectJDKLog [restartedMain] Starting ProtocolHandler ["http-nio-8080"]
2021-08-11 07:48:53,878 INFO org.springframework.boot.web.embedded.tomcat.TomcatWebServer [restartedMain] Tomcat started on port(s): 8080 (http) with context path ''
2021-08-11 07:48:53,911 INFO org.springframework.boot.StartupInfoLogger [restartedMain] Started ShashinApplicationKt in 4.774 seconds (JVM running for 6.916)
2021-08-11 07:48:53,979 INFO org.apache.juli.logging.DirectJDKLog [http-nio-8080-exec-3] Initializing Spring DispatcherServlet 'dispatcherServlet'
2021-08-11 07:48:53,981 INFO org.springframework.web.servlet.FrameworkServlet [http-nio-8080-exec-3] Initializing Servlet 'dispatcherServlet'
2021-08-11 07:48:53,982 INFO org.springframework.web.servlet.FrameworkServlet [http-nio-8080-exec-3] Completed initialization in 1 ms
2021-08-11 07:52:34,367 INFO org.springframework.boot.StartupInfoLogger [restartedMain] Starting ShashinApplicationKt using Java 16.0.2 on LAPTOP-KQMN93J1 with PID 19328 (C:\Users\micha\IdeaProjects\shashin\target\classes started by micha in C:\Users\micha\IdeaProjects\shashin)
2021-08-11 07:52:34,382 INFO org.springframework.boot.SpringApplication [restartedMain] No active profile set, falling back to default profiles: default
2021-08-11 07:52:34,530 INFO org.springframework.boot.logging.DeferredLog [restartedMain] Devtools property defaults active! Set 'spring.devtools.add-properties' to 'false' to disable
2021-08-11 07:52:34,532 INFO org.springframework.boot.logging.DeferredLog [restartedMain] For additional web related logging consider setting the 'logging.level.web' property to 'DEBUG'
2021-08-11 07:52:37,335 INFO org.springframework.boot.web.embedded.tomcat.TomcatWebServer [restartedMain] Tomcat initialized with port(s): 8080 (http)
2021-08-11 07:52:37,358 INFO org.apache.juli.logging.DirectJDKLog [restartedMain] Initializing ProtocolHandler ["http-nio-8080"]
2021-08-11 07:52:37,363 INFO org.apache.juli.logging.DirectJDKLog [restartedMain] Starting service [Tomcat]
2021-08-11 07:52:37,364 INFO org.apache.juli.logging.DirectJDKLog [restartedMain] Starting Servlet engine: [Apache Tomcat/9.0.50]
2021-08-11 07:52:37,505 INFO org.apache.juli.logging.DirectJDKLog [restartedMain] Initializing Spring embedded WebApplicationContext
2021-08-11 07:52:37,506 INFO org.springframework.boot.web.servlet.context.ServletWebServerApplicationContext [restartedMain] Root WebApplicationContext: initialization completed in 2971 ms
2021-08-11 07:52:38,118 INFO org.springframework.boot.autoconfigure.web.servlet.WelcomePageHandlerMapping [restartedMain] Adding welcome page: class path resource [static/index.html]
2021-08-11 07:52:38,437 INFO org.springframework.boot.devtools.autoconfigure.OptionalLiveReloadServer [restartedMain] LiveReload server is running on port 35729
2021-08-11 07:52:38,482 INFO org.apache.juli.logging.DirectJDKLog [restartedMain] Starting ProtocolHandler ["http-nio-8080"]
2021-08-11 07:52:38,574 INFO org.springframework.boot.web.embedded.tomcat.TomcatWebServer [restartedMain] Tomcat started on port(s): 8080 (http) with context path ''
2021-08-11 07:52:38,609 INFO org.springframework.boot.StartupInfoLogger [restartedMain] Started ShashinApplicationKt in 5.457 seconds (JVM running for 7.385)
2021-08-11 07:52:39,108 INFO org.apache.juli.logging.DirectJDKLog [http-nio-8080-exec-1] Initializing Spring DispatcherServlet 'dispatcherServlet'
2021-08-11 07:52:39,110 INFO org.springframework.web.servlet.FrameworkServlet [http-nio-8080-exec-1] Initializing Servlet 'dispatcherServlet'
2021-08-11 07:52:39,113 INFO org.springframework.web.servlet.FrameworkServlet [http-nio-8080-exec-1] Completed initialization in 2 ms
2021-08-11 07:53:31,157 INFO org.springframework.boot.StartupInfoLogger [restartedMain] Starting ShashinApplicationKt using Java 16.0.2 on LAPTOP-KQMN93J1 with PID 2844 (C:\Users\micha\IdeaProjects\shashin\target\classes started by micha in C:\Users\micha\IdeaProjects\shashin)
2021-08-11 07:53:31,163 INFO org.springframework.boot.SpringApplication [restartedMain] No active profile set, falling back to default profiles: default
2021-08-11 07:53:31,282 INFO org.springframework.boot.logging.DeferredLog [restartedMain] Devtools property defaults active! Set 'spring.devtools.add-properties' to 'false' to disable
2021-08-11 07:53:31,283 INFO org.springframework.boot.logging.DeferredLog [restartedMain] For additional web related logging consider setting the 'logging.level.web' property to 'DEBUG'
2021-08-11 07:53:33,551 INFO org.springframework.boot.web.embedded.tomcat.TomcatWebServer [restartedMain] Tomcat initialized with port(s): 8080 (http)
2021-08-11 07:53:33,567 INFO org.apache.juli.logging.DirectJDKLog [restartedMain] Initializing ProtocolHandler ["http-nio-8080"]
2021-08-11 07:53:33,569 INFO org.apache.juli.logging.DirectJDKLog [restartedMain] Starting service [Tomcat]
2021-08-11 07:53:33,569 INFO org.apache.juli.logging.DirectJDKLog [restartedMain] Starting Servlet engine: [Apache Tomcat/9.0.50]
2021-08-11 07:53:33,685 INFO org.apache.juli.logging.DirectJDKLog [restartedMain] Initializing Spring embedded WebApplicationContext
2021-08-11 07:53:33,686 INFO org.springframework.boot.web.servlet.context.ServletWebServerApplicationContext [restartedMain] Root WebApplicationContext: initialization completed in 2401 ms
2021-08-11 07:53:34,304 INFO org.springframework.boot.autoconfigure.web.servlet.WelcomePageHandlerMapping [restartedMain] Adding welcome page: class path resource [static/index.html]
2021-08-11 07:53:34,597 INFO org.springframework.boot.devtools.autoconfigure.OptionalLiveReloadServer [restartedMain] LiveReload server is running on port 35729
2021-08-11 07:53:34,629 INFO org.apache.juli.logging.DirectJDKLog [restartedMain] Starting ProtocolHandler ["http-nio-8080"]
2021-08-11 07:53:34,715 INFO org.springframework.boot.web.embedded.tomcat.TomcatWebServer [restartedMain] Tomcat started on port(s): 8080 (http) with context path ''
2021-08-11 07:53:34,744 INFO org.springframework.boot.StartupInfoLogger [restartedMain] Started ShashinApplicationKt in 4.638 seconds (JVM running for 6.529)
2021-08-11 07:53:35,926 INFO org.apache.juli.logging.DirectJDKLog [http-nio-8080-exec-1] Initializing Spring DispatcherServlet 'dispatcherServlet'
2021-08-11 07:53:35,927 INFO org.springframework.web.servlet.FrameworkServlet [http-nio-8080-exec-1] Initializing Servlet 'dispatcherServlet'
2021-08-11 07:53:35,929 INFO org.springframework.web.servlet.FrameworkServlet [http-nio-8080-exec-1] Completed initialization in 2 ms
2021-08-11 07:55:51,923 INFO org.springframework.boot.StartupInfoLogger [restartedMain] Starting ShashinApplicationKt using Java 16.0.2 on LAPTOP-KQMN93J1 with PID 15980 (C:\Users\micha\IdeaProjects\shashin\target\classes started by micha in C:\Users\micha\IdeaProjects\shashin)
2021-08-11 07:55:51,929 INFO org.springframework.boot.SpringApplication [restartedMain] No active profile set, falling back to default profiles: default
2021-08-11 07:55:52,047 INFO org.springframework.boot.logging.DeferredLog [restartedMain] Devtools property defaults active! Set 'spring.devtools.add-properties' to 'false' to disable
2021-08-11 07:55:52,048 INFO org.springframework.boot.logging.DeferredLog [restartedMain] For additional web related logging consider setting the 'logging.level.web' property to 'DEBUG'
2021-08-11 07:55:54,504 INFO org.springframework.boot.web.embedded.tomcat.TomcatWebServer [restartedMain] Tomcat initialized with port(s): 8080 (http)
2021-08-11 07:55:54,525 INFO org.apache.juli.logging.DirectJDKLog [restartedMain] Initializing ProtocolHandler ["http-nio-8080"]
2021-08-11 07:55:54,527 INFO org.apache.juli.logging.DirectJDKLog [restartedMain] Starting service [Tomcat]
2021-08-11 07:55:54,527 INFO org.apache.juli.logging.DirectJDKLog [restartedMain] Starting Servlet engine: [Apache Tomcat/9.0.50]
2021-08-11 07:55:54,704 INFO org.apache.juli.logging.DirectJDKLog [restartedMain] Initializing Spring embedded WebApplicationContext
2021-08-11 07:55:54,705 INFO org.springframework.boot.web.servlet.context.ServletWebServerApplicationContext [restartedMain] Root WebApplicationContext: initialization completed in 2654 ms
2021-08-11 07:55:55,685 INFO org.springframework.boot.autoconfigure.web.servlet.WelcomePageHandlerMapping [restartedMain] Adding welcome page: class path resource [static/index.html]
2021-08-11 07:55:56,355 INFO org.springframework.boot.devtools.autoconfigure.OptionalLiveReloadServer [restartedMain] LiveReload server is running on port 35729
2021-08-11 07:55:56,394 INFO org.apache.juli.logging.DirectJDKLog [restartedMain] Starting ProtocolHandler ["http-nio-8080"]
2021-08-11 07:55:56,477 INFO org.springframework.boot.web.embedded.tomcat.TomcatWebServer [restartedMain] Tomcat started on port(s): 8080 (http) with context path ''
2021-08-11 07:55:56,504 INFO org.springframework.boot.StartupInfoLogger [restartedMain] Started ShashinApplicationKt in 5.693 seconds (JVM running for 6.989)
2021-08-11 07:55:56,717 INFO org.apache.juli.logging.DirectJDKLog [http-nio-8080-exec-1] Initializing Spring DispatcherServlet 'dispatcherServlet'
2021-08-11 07:55:56,719 INFO org.springframework.web.servlet.FrameworkServlet [http-nio-8080-exec-1] Initializing Servlet 'dispatcherServlet'
2021-08-11 07:55:56,722 INFO org.springframework.web.servlet.FrameworkServlet [http-nio-8080-exec-1] Completed initialization in 1 ms
2021-08-11 07:58:38,924 INFO org.springframework.boot.StartupInfoLogger [restartedMain] Starting ShashinApplicationKt using Java 16.0.2 on LAPTOP-KQMN93J1 with PID 15068 (C:\Users\micha\IdeaProjects\shashin\target\classes started by micha in C:\Users\micha\IdeaProjects\shashin)
2021-08-11 07:58:38,929 INFO org.springframework.boot.SpringApplication [restartedMain] No active profile set, falling back to default profiles: default
2021-08-11 07:58:39,050 INFO org.springframework.boot.logging.DeferredLog [restartedMain] Devtools property defaults active! Set 'spring.devtools.add-properties' to 'false' to disable
2021-08-11 07:58:39,052 INFO org.springframework.boot.logging.DeferredLog [restartedMain] For additional web related logging consider setting the 'logging.level.web' property to 'DEBUG'
2021-08-11 07:58:42,146 INFO org.springframework.boot.web.embedded.tomcat.TomcatWebServer [restartedMain] Tomcat initialized with port(s): 8080 (http)
2021-08-11 07:58:42,175 INFO org.apache.juli.logging.DirectJDKLog [restartedMain] Initializing ProtocolHandler ["http-nio-8080"]
2021-08-11 07:58:42,177 INFO org.apache.juli.logging.DirectJDKLog [restartedMain] Starting service [Tomcat]
2021-08-11 07:58:42,179 INFO org.apache.juli.logging.DirectJDKLog [restartedMain] Starting Servlet engine: [Apache Tomcat/9.0.50]
2021-08-11 07:58:42,314 INFO org.apache.juli.logging.DirectJDKLog [restartedMain] Initializing Spring embedded WebApplicationContext
2021-08-11 07:58:42,315 INFO org.springframework.boot.web.servlet.context.ServletWebServerApplicationContext [restartedMain] Root WebApplicationContext: initialization completed in 3261 ms
2021-08-11 07:58:42,833 INFO org.springframework.boot.autoconfigure.web.servlet.WelcomePageHandlerMapping [restartedMain] Adding welcome page: class path resource [static/index.html]
2021-08-11 07:58:43,116 INFO org.springframework.boot.devtools.autoconfigure.OptionalLiveReloadServer [restartedMain] LiveReload server is running on port 35729
2021-08-11 07:58:43,159 INFO org.apache.juli.logging.DirectJDKLog [restartedMain] Starting ProtocolHandler ["http-nio-8080"]
2021-08-11 07:58:43,246 INFO org.springframework.boot.web.embedded.tomcat.TomcatWebServer [restartedMain] Tomcat started on port(s): 8080 (http) with context path ''
2021-08-11 07:58:43,273 INFO org.springframework.boot.StartupInfoLogger [restartedMain] Started ShashinApplicationKt in 5.383 seconds (JVM running for 7.719)
2021-08-11 07:59:04,914 INFO org.springframework.boot.StartupInfoLogger [restartedMain] Starting ShashinApplicationKt using Java 16.0.2 on LAPTOP-KQMN93J1 with PID 17124 (C:\Users\micha\IdeaProjects\shashin\target\classes started by micha in C:\Users\micha\IdeaProjects\shashin)
2021-08-11 07:59:04,922 INFO org.springframework.boot.SpringApplication [restartedMain] No active profile set, falling back to default profiles: default
2021-08-11 07:59:05,097 INFO org.springframework.boot.logging.DeferredLog [restartedMain] Devtools property defaults active! Set 'spring.devtools.add-properties' to 'false' to disable
2021-08-11 07:59:05,099 INFO org.springframework.boot.logging.DeferredLog [restartedMain] For additional web related logging consider setting the 'logging.level.web' property to 'DEBUG'
2021-08-11 07:59:07,794 INFO org.springframework.boot.web.embedded.tomcat.TomcatWebServer [restartedMain] Tomcat initialized with port(s): 8080 (http)
2021-08-11 07:59:07,810 INFO org.apache.juli.logging.DirectJDKLog [restartedMain] Initializing ProtocolHandler ["http-nio-8080"]
2021-08-11 07:59:07,811 INFO org.apache.juli.logging.DirectJDKLog [restartedMain] Starting service [Tomcat]
2021-08-11 07:59:07,812 INFO org.apache.juli.logging.DirectJDKLog [restartedMain] Starting Servlet engine: [Apache Tomcat/9.0.50]
2021-08-11 07:59:07,943 INFO org.apache.juli.logging.DirectJDKLog [restartedMain] Initializing Spring embedded WebApplicationContext
2021-08-11 07:59:07,944 INFO org.springframework.boot.web.servlet.context.ServletWebServerApplicationContext [restartedMain] Root WebApplicationContext: initialization completed in 2841 ms
2021-08-11 07:59:08,518 INFO org.springframework.boot.autoconfigure.web.servlet.WelcomePageHandlerMapping [restartedMain] Adding welcome page: class path resource [static/index.html]
2021-08-11 07:59:08,925 INFO org.springframework.boot.devtools.autoconfigure.OptionalLiveReloadServer [restartedMain] LiveReload server is running on port 35729
2021-08-11 07:59:08,966 INFO org.apache.juli.logging.DirectJDKLog [restartedMain] Starting ProtocolHandler ["http-nio-8080"]
2021-08-11 07:59:09,062 INFO org.springframework.boot.web.embedded.tomcat.TomcatWebServer [restartedMain] Tomcat started on port(s): 8080 (http) with context path ''
2021-08-11 07:59:09,100 INFO org.springframework.boot.StartupInfoLogger [restartedMain] Started ShashinApplicationKt in 5.413 seconds (JVM running for 7.094)
2021-08-11 07:59:09,217 INFO org.apache.juli.logging.DirectJDKLog [http-nio-8080-exec-1] Initializing Spring DispatcherServlet 'dispatcherServlet'
2021-08-11 07:59:09,219 INFO org.springframework.web.servlet.FrameworkServlet [http-nio-8080-exec-1] Initializing Servlet 'dispatcherServlet'
2021-08-11 07:59:09,221 INFO org.springframework.web.servlet.FrameworkServlet [http-nio-8080-exec-1] Completed initialization in 2 ms
2021-08-11 08:00:08,472 INFO org.springframework.boot.StartupInfoLogger [restartedMain] Starting ShashinApplicationKt using Java 16.0.2 on LAPTOP-KQMN93J1 with PID 8980 (C:\Users\micha\IdeaProjects\shashin\target\classes started by micha in C:\Users\micha\IdeaProjects\shashin)
2021-08-11 08:00:08,477 INFO org.springframework.boot.SpringApplication [restartedMain] No active profile set, falling back to default profiles: default
2021-08-11 08:00:08,586 INFO org.springframework.boot.logging.DeferredLog [restartedMain] Devtools property defaults active! Set 'spring.devtools.add-properties' to 'false' to disable
2021-08-11 08:00:08,588 INFO org.springframework.boot.logging.DeferredLog [restartedMain] For additional web related logging consider setting the 'logging.level.web' property to 'DEBUG'
2021-08-11 08:00:11,095 INFO org.springframework.boot.web.embedded.tomcat.TomcatWebServer [restartedMain] Tomcat initialized with port(s): 8080 (http)
2021-08-11 08:00:11,116 INFO org.apache.juli.logging.DirectJDKLog [restartedMain] Initializing ProtocolHandler ["http-nio-8080"]
2021-08-11 08:00:11,118 INFO org.apache.juli.logging.DirectJDKLog [restartedMain] Starting service [Tomcat]
2021-08-11 08:00:11,118 INFO org.apache.juli.logging.DirectJDKLog [restartedMain] Starting Servlet engine: [Apache Tomcat/9.0.50]
2021-08-11 08:00:11,243 INFO org.apache.juli.logging.DirectJDKLog [restartedMain] Initializing Spring embedded WebApplicationContext
2021-08-11 08:00:11,244 INFO org.springframework.boot.web.servlet.context.ServletWebServerApplicationContext [restartedMain] Root WebApplicationContext: initialization completed in 2653 ms
2021-08-11 08:00:11,746 INFO org.springframework.boot.autoconfigure.web.servlet.WelcomePageHandlerMapping [restartedMain] Adding welcome page: class path resource [static/index.html]
2021-08-11 08:00:12,127 INFO org.springframework.boot.devtools.autoconfigure.OptionalLiveReloadServer [restartedMain] LiveReload server is running on port 35729
2021-08-11 08:00:12,169 INFO org.apache.juli.logging.DirectJDKLog [restartedMain] Starting ProtocolHandler ["http-nio-8080"]
2021-08-11 08:00:12,235 INFO org.springframework.boot.web.embedded.tomcat.TomcatWebServer [restartedMain] Tomcat started on port(s): 8080 (http) with context path ''
2021-08-11 08:00:12,258 INFO org.springframework.boot.StartupInfoLogger [restartedMain] Started ShashinApplicationKt in 4.63 seconds (JVM running for 5.965)
2021-08-11 08:01:00,079 INFO org.springframework.boot.StartupInfoLogger [restartedMain] Starting ShashinApplicationKt using Java 16.0.2 on LAPTOP-KQMN93J1 with PID 17136 (C:\Users\micha\IdeaProjects\shashin\target\classes started by micha in C:\Users\micha\IdeaProjects\shashin)
2021-08-11 08:01:00,083 INFO org.springframework.boot.SpringApplication [restartedMain] No active profile set, falling back to default profiles: default
2021-08-11 08:01:00,156 INFO org.springframework.boot.logging.DeferredLog [restartedMain] Devtools property defaults active! Set 'spring.devtools.add-properties' to 'false' to disable
2021-08-11 08:01:00,157 INFO org.springframework.boot.logging.DeferredLog [restartedMain] For additional web related logging consider setting the 'logging.level.web' property to 'DEBUG'
2021-08-11 08:01:01,368 INFO org.springframework.boot.web.embedded.tomcat.TomcatWebServer [restartedMain] Tomcat initialized with port(s): 8080 (http)
2021-08-11 08:01:01,378 INFO org.apache.juli.logging.DirectJDKLog [restartedMain] Initializing ProtocolHandler ["http-nio-8080"]
2021-08-11 08:01:01,378 INFO org.apache.juli.logging.DirectJDKLog [restartedMain] Starting service [Tomcat]
2021-08-11 08:01:01,379 INFO org.apache.juli.logging.DirectJDKLog [restartedMain] Starting Servlet engine: [Apache Tomcat/9.0.50]
2021-08-11 08:01:01,448 INFO org.apache.juli.logging.DirectJDKLog [restartedMain] Initializing Spring embedded WebApplicationContext
2021-08-11 08:01:01,448 INFO org.springframework.boot.web.servlet.context.ServletWebServerApplicationContext [restartedMain] Root WebApplicationContext: initialization completed in 1290 ms
2021-08-11 08:01:01,720 INFO org.springframework.boot.autoconfigure.web.servlet.WelcomePageHandlerMapping [restartedMain] Adding welcome page: class path resource [static/index.html]
2021-08-11 08:01:01,854 INFO org.springframework.boot.devtools.autoconfigure.OptionalLiveReloadServer [restartedMain] LiveReload server is running on port 35729
2021-08-11 08:01:01,870 INFO org.apache.juli.logging.DirectJDKLog [restartedMain] Starting ProtocolHandler ["http-nio-8080"]
2021-08-11 08:01:01,910 INFO org.springframework.boot.web.embedded.tomcat.TomcatWebServer [restartedMain] Tomcat started on port(s): 8080 (http) with context path ''
2021-08-11 08:01:01,923 INFO org.springframework.boot.StartupInfoLogger [restartedMain] Started ShashinApplicationKt in 2.388 seconds (JVM running for 3.19)
2021-08-11 08:01:30,036 INFO org.apache.juli.logging.DirectJDKLog [http-nio-8080-exec-1] Initializing Spring DispatcherServlet 'dispatcherServlet'
2021-08-11 08:01:30,036 INFO org.springframework.web.servlet.FrameworkServlet [http-nio-8080-exec-1] Initializing Servlet 'dispatcherServlet'
2021-08-11 08:01:30,037 INFO org.springframework.web.servlet.FrameworkServlet [http-nio-8080-exec-1] Completed initialization in 1 ms
2021-08-11 08:32:59,440 INFO org.springframework.boot.StartupInfoLogger [restartedMain] Starting ShashinApplicationKt using Java 16.0.2 on LAPTOP-KQMN93J1 with PID 20112 (C:\Users\micha\IdeaProjects\shashin\target\classes started by micha in C:\Users\micha\IdeaProjects\shashin)
2021-08-11 08:32:59,444 INFO org.springframework.boot.SpringApplication [restartedMain] No active profile set, falling back to default profiles: default
2021-08-11 08:32:59,528 INFO org.springframework.boot.logging.DeferredLog [restartedMain] Devtools property defaults active! Set 'spring.devtools.add-properties' to 'false' to disable
2021-08-11 08:32:59,529 INFO org.springframework.boot.logging.DeferredLog [restartedMain] For additional web related logging consider setting the 'logging.level.web' property to 'DEBUG'
2021-08-11 08:33:00,884 INFO org.springframework.boot.web.embedded.tomcat.TomcatWebServer [restartedMain] Tomcat initialized with port(s): 8080 (http)
2021-08-11 08:33:00,902 INFO org.apache.juli.logging.DirectJDKLog [restartedMain] Initializing ProtocolHandler ["http-nio-8080"]
2021-08-11 08:33:00,903 INFO org.apache.juli.logging.DirectJDKLog [restartedMain] Starting service [Tomcat]
2021-08-11 08:33:00,903 INFO org.apache.juli.logging.DirectJDKLog [restartedMain] Starting Servlet engine: [Apache Tomcat/9.0.50]
2021-08-11 08:33:00,980 INFO org.apache.juli.logging.DirectJDKLog [restartedMain] Initializing Spring embedded WebApplicationContext
2021-08-11 08:33:00,981 INFO org.springframework.boot.web.servlet.context.ServletWebServerApplicationContext [restartedMain] Root WebApplicationContext: initialization completed in 1450 ms
2021-08-11 08:33:01,267 INFO org.springframework.boot.autoconfigure.web.servlet.WelcomePageHandlerMapping [restartedMain] Adding welcome page: class path resource [static/index.html]
2021-08-11 08:33:01,403 INFO org.springframework.boot.devtools.autoconfigure.OptionalLiveReloadServer [restartedMain] LiveReload server is running on port 35729
2021-08-11 08:33:01,423 INFO org.apache.juli.logging.DirectJDKLog [restartedMain] Starting ProtocolHandler ["http-nio-8080"]
2021-08-11 08:33:01,465 INFO org.springframework.boot.web.embedded.tomcat.TomcatWebServer [restartedMain] Tomcat started on port(s): 8080 (http) with context path ''
2021-08-11 08:33:01,479 INFO org.springframework.boot.StartupInfoLogger [restartedMain] Started ShashinApplicationKt in 2.654 seconds (JVM running for 3.641)
2021-08-11 08:33:22,515 INFO org.apache.juli.logging.DirectJDKLog [http-nio-8080-exec-1] Initializing Spring DispatcherServlet 'dispatcherServlet'
2021-08-11 08:33:22,516 INFO org.springframework.web.servlet.FrameworkServlet [http-nio-8080-exec-1] Initializing Servlet 'dispatcherServlet'
2021-08-11 08:33:22,517 INFO org.springframework.web.servlet.FrameworkServlet [http-nio-8080-exec-1] Completed initialization in 1 ms
2021-08-11 08:34:55,100 INFO org.springframework.boot.StartupInfoLogger [restartedMain] Starting ShashinApplicationKt using Java 16.0.2 on LAPTOP-KQMN93J1 with PID 748 (C:\Users\micha\IdeaProjects\shashin\target\classes started by micha in C:\Users\micha\IdeaProjects\shashin)
2021-08-11 08:34:55,103 INFO org.springframework.boot.SpringApplication [restartedMain] No active profile set, falling back to default profiles: default
2021-08-11 08:34:55,173 INFO org.springframework.boot.logging.DeferredLog [restartedMain] Devtools property defaults active! Set 'spring.devtools.add-properties' to 'false' to disable
2021-08-11 08:34:55,174 INFO org.springframework.boot.logging.DeferredLog [restartedMain] For additional web related logging consider setting the 'logging.level.web' property to 'DEBUG'
2021-08-11 08:34:56,407 INFO org.springframework.boot.web.embedded.tomcat.TomcatWebServer [restartedMain] Tomcat initialized with port(s): 8080 (http)
2021-08-11 08:34:56,416 INFO org.apache.juli.logging.DirectJDKLog [restartedMain] Initializing ProtocolHandler ["http-nio-8080"]
2021-08-11 08:34:56,417 INFO org.apache.juli.logging.DirectJDKLog [restartedMain] Starting service [Tomcat]
2021-08-11 08:34:56,418 INFO org.apache.juli.logging.DirectJDKLog [restartedMain] Starting Servlet engine: [Apache Tomcat/9.0.50]
2021-08-11 08:34:56,496 INFO org.apache.juli.logging.DirectJDKLog [restartedMain] Initializing Spring embedded WebApplicationContext
2021-08-11 08:34:56,497 INFO org.springframework.boot.web.servlet.context.ServletWebServerApplicationContext [restartedMain] Root WebApplicationContext: initialization completed in 1322 ms
2021-08-11 08:34:56,863 INFO org.springframework.boot.autoconfigure.web.servlet.WelcomePageHandlerMapping [restartedMain] Adding welcome page: class path resource [static/index.html]
2021-08-11 08:34:57,033 INFO org.springframework.boot.devtools.autoconfigure.OptionalLiveReloadServer [restartedMain] LiveReload server is running on port 35729
2021-08-11 08:34:57,052 INFO org.apache.juli.logging.DirectJDKLog [restartedMain] Starting ProtocolHandler ["http-nio-8080"]
2021-08-11 08:34:57,100 INFO org.springframework.boot.web.embedded.tomcat.TomcatWebServer [restartedMain] Tomcat started on port(s): 8080 (http) with context path ''
2021-08-11 08:34:57,118 INFO org.springframework.boot.StartupInfoLogger [restartedMain] Started ShashinApplicationKt in 2.536 seconds (JVM running for 3.351)
2021-08-11 08:34:58,934 INFO org.apache.juli.logging.DirectJDKLog [http-nio-8080-exec-1] Initializing Spring DispatcherServlet 'dispatcherServlet'
2021-08-11 08:34:58,935 INFO org.springframework.web.servlet.FrameworkServlet [http-nio-8080-exec-1] Initializing Servlet 'dispatcherServlet'
2021-08-11 08:34:58,936 INFO org.springframework.web.servlet.FrameworkServlet [http-nio-8080-exec-1] Completed initialization in 1 ms
2021-08-11 08:37:40,791 INFO org.springframework.boot.StartupInfoLogger [restartedMain] Starting ShashinApplicationKt using Java 16.0.2 on LAPTOP-KQMN93J1 with PID 11532 (C:\Users\micha\IdeaProjects\shashin\target\classes started by micha in C:\Users\micha\IdeaProjects\shashin)
2021-08-11 08:37:40,794 INFO org.springframework.boot.SpringApplication [restartedMain] No active profile set, falling back to default profiles: default
2021-08-11 08:37:40,876 INFO org.springframework.boot.logging.DeferredLog [restartedMain] Devtools property defaults active! Set 'spring.devtools.add-properties' to 'false' to disable
2021-08-11 08:37:40,877 INFO org.springframework.boot.logging.DeferredLog [restartedMain] For additional web related logging consider setting the 'logging.level.web' property to 'DEBUG'
2021-08-11 08:37:42,080 INFO org.springframework.boot.web.embedded.tomcat.TomcatWebServer [restartedMain] Tomcat initialized with port(s): 8080 (http)
2021-08-11 08:37:42,093 INFO org.apache.juli.logging.DirectJDKLog [restartedMain] Initializing ProtocolHandler ["http-nio-8080"]
2021-08-11 08:37:42,094 INFO org.apache.juli.logging.DirectJDKLog [restartedMain] Starting service [Tomcat]
2021-08-11 08:37:42,094 INFO org.apache.juli.logging.DirectJDKLog [restartedMain] Starting Servlet engine: [Apache Tomcat/9.0.50]
2021-08-11 08:37:42,157 INFO org.apache.juli.logging.DirectJDKLog [restartedMain] Initializing Spring embedded WebApplicationContext
2021-08-11 08:37:42,157 INFO org.springframework.boot.web.servlet.context.ServletWebServerApplicationContext [restartedMain] Root WebApplicationContext: initialization completed in 1279 ms
2021-08-11 08:37:42,402 INFO org.springframework.boot.autoconfigure.web.servlet.WelcomePageHandlerMapping [restartedMain] Adding welcome page: class path resource [static/index.html]
2021-08-11 08:37:42,534 INFO org.springframework.boot.devtools.autoconfigure.OptionalLiveReloadServer [restartedMain] LiveReload server is running on port 35729
2021-08-11 08:37:42,550 INFO org.apache.juli.logging.DirectJDKLog [restartedMain] Starting ProtocolHandler ["http-nio-8080"]
2021-08-11 08:37:42,590 INFO org.springframework.boot.web.embedded.tomcat.TomcatWebServer [restartedMain] Tomcat started on port(s): 8080 (http) with context path ''
2021-08-11 08:37:42,603 INFO org.springframework.boot.StartupInfoLogger [restartedMain] Started ShashinApplicationKt in 2.346 seconds (JVM running for 3.168)
2021-08-11 08:37:49,963 INFO org.apache.juli.logging.DirectJDKLog [http-nio-8080-exec-1] Initializing Spring DispatcherServlet 'dispatcherServlet'
2021-08-11 08:37:49,964 INFO org.springframework.web.servlet.FrameworkServlet [http-nio-8080-exec-1] Initializing Servlet 'dispatcherServlet'
2021-08-11 08:37:49,966 INFO org.springframework.web.servlet.FrameworkServlet [http-nio-8080-exec-1] Completed initialization in 2 ms
2021-08-11 08:38:45,921 INFO org.springframework.boot.StartupInfoLogger [restartedMain] Starting ShashinApplicationKt using Java 16.0.2 on LAPTOP-KQMN93J1 with PID 2752 (C:\Users\micha\IdeaProjects\shashin\target\classes started by micha in C:\Users\micha\IdeaProjects\shashin)
2021-08-11 08:38:45,929 INFO org.springframework.boot.SpringApplication [restartedMain] No active profile set, falling back to default profiles: default
2021-08-11 08:38:46,002 INFO org.springframework.boot.logging.DeferredLog [restartedMain] Devtools property defaults active! Set 'spring.devtools.add-properties' to 'false' to disable
2021-08-11 08:38:46,002 INFO org.springframework.boot.logging.DeferredLog [restartedMain] For additional web related logging consider setting the 'logging.level.web' property to 'DEBUG'
2021-08-11 08:38:47,205 INFO org.springframework.boot.web.embedded.tomcat.TomcatWebServer [restartedMain] Tomcat initialized with port(s): 8080 (http)
2021-08-11 08:38:47,221 INFO org.apache.juli.logging.DirectJDKLog [restartedMain] Initializing ProtocolHandler ["http-nio-8080"]
2021-08-11 08:38:47,221 INFO org.apache.juli.logging.DirectJDKLog [restartedMain] Starting service [Tomcat]
2021-08-11 08:38:47,222 INFO org.apache.juli.logging.DirectJDKLog [restartedMain] Starting Servlet engine: [Apache Tomcat/9.0.50]
2021-08-11 08:38:47,294 INFO org.apache.juli.logging.DirectJDKLog [restartedMain] Initializing Spring embedded WebApplicationContext
2021-08-11 08:38:47,294 INFO org.springframework.boot.web.servlet.context.ServletWebServerApplicationContext [restartedMain] Root WebApplicationContext: initialization completed in 1291 ms
2021-08-11 08:38:47,608 INFO org.springframework.boot.autoconfigure.web.servlet.WelcomePageHandlerMapping [restartedMain] Adding welcome page: class path resource [static/index.html]
2021-08-11 08:38:47,736 INFO org.springframework.boot.devtools.autoconfigure.OptionalLiveReloadServer [restartedMain] LiveReload server is running on port 35729
2021-08-11 08:38:47,756 INFO org.apache.juli.logging.DirectJDKLog [restartedMain] Starting ProtocolHandler ["http-nio-8080"]
2021-08-11 08:38:47,796 INFO org.springframework.boot.web.embedded.tomcat.TomcatWebServer [restartedMain] Tomcat started on port(s): 8080 (http) with context path ''
2021-08-11 08:38:47,809 INFO org.springframework.boot.StartupInfoLogger [restartedMain] Started ShashinApplicationKt in 2.412 seconds (JVM running for 3.251)
2021-08-11 08:38:51,545 INFO org.apache.juli.logging.DirectJDKLog [http-nio-8080-exec-1] Initializing Spring DispatcherServlet 'dispatcherServlet'
2021-08-11 08:38:51,546 INFO org.springframework.web.servlet.FrameworkServlet [http-nio-8080-exec-1] Initializing Servlet 'dispatcherServlet'
2021-08-11 08:38:51,547 INFO org.springframework.web.servlet.FrameworkServlet [http-nio-8080-exec-1] Completed initialization in 1 ms
2021-08-11 08:41:43,229 INFO org.springframework.boot.StartupInfoLogger [restartedMain] Starting ShashinApplicationKt using Java 16.0.2 on LAPTOP-KQMN93J1 with PID 10068 (C:\Users\micha\IdeaProjects\shashin\target\classes started by micha in C:\Users\micha\IdeaProjects\shashin)
2021-08-11 08:41:43,233 INFO org.springframework.boot.SpringApplication [restartedMain] No active profile set, falling back to default profiles: default
2021-08-11 08:41:43,305 INFO org.springframework.boot.logging.DeferredLog [restartedMain] Devtools property defaults active! Set 'spring.devtools.add-properties' to 'false' to disable
2021-08-11 08:41:43,306 INFO org.springframework.boot.logging.DeferredLog [restartedMain] For additional web related logging consider setting the 'logging.level.web' property to 'DEBUG'
2021-08-11 08:41:44,551 INFO org.springframework.boot.web.embedded.tomcat.TomcatWebServer [restartedMain] Tomcat initialized with port(s): 8080 (http)
2021-08-11 08:41:44,560 INFO org.apache.juli.logging.DirectJDKLog [restartedMain] Initializing ProtocolHandler ["http-nio-8080"]
2021-08-11 08:41:44,561 INFO org.apache.juli.logging.DirectJDKLog [restartedMain] Starting service [Tomcat]
2021-08-11 08:41:44,562 INFO org.apache.juli.logging.DirectJDKLog [restartedMain] Starting Servlet engine: [Apache Tomcat/9.0.50]
2021-08-11 08:41:44,625 INFO org.apache.juli.logging.DirectJDKLog [restartedMain] Initializing Spring embedded WebApplicationContext
2021-08-11 08:41:44,626 INFO org.springframework.boot.web.servlet.context.ServletWebServerApplicationContext [restartedMain] Root WebApplicationContext: initialization completed in 1318 ms
2021-08-11 08:41:44,867 INFO org.springframework.boot.autoconfigure.web.servlet.WelcomePageHandlerMapping [restartedMain] Adding welcome page: class path resource [static/index.html]
2021-08-11 08:41:44,999 INFO org.springframework.boot.devtools.autoconfigure.OptionalLiveReloadServer [restartedMain] LiveReload server is running on port 35729
2021-08-11 08:41:45,018 INFO org.apache.juli.logging.DirectJDKLog [restartedMain] Starting ProtocolHandler ["http-nio-8080"]
2021-08-11 08:41:45,060 INFO org.springframework.boot.web.embedded.tomcat.TomcatWebServer [restartedMain] Tomcat started on port(s): 8080 (http) with context path ''
2021-08-11 08:41:45,074 INFO org.springframework.boot.StartupInfoLogger [restartedMain] Started ShashinApplicationKt in 2.369 seconds (JVM running for 3.2)
2021-08-11 08:42:45,047 INFO org.apache.juli.logging.DirectJDKLog [http-nio-8080-exec-1] Initializing Spring DispatcherServlet 'dispatcherServlet'
2021-08-11 08:42:45,048 INFO org.springframework.web.servlet.FrameworkServlet [http-nio-8080-exec-1] Initializing Servlet 'dispatcherServlet'
2021-08-11 08:42:45,050 INFO org.springframework.web.servlet.FrameworkServlet [http-nio-8080-exec-1] Completed initialization in 2 ms
2021-08-11 08:43:55,216 INFO org.springframework.boot.StartupInfoLogger [restartedMain] Starting ShashinApplicationKt using Java 16.0.2 on LAPTOP-KQMN93J1 with PID 17020 (C:\Users\micha\IdeaProjects\shashin\target\classes started by micha in C:\Users\micha\IdeaProjects\shashin)
2021-08-11 08:43:55,220 INFO org.springframework.boot.SpringApplication [restartedMain] No active profile set, falling back to default profiles: default
2021-08-11 08:43:55,281 INFO org.springframework.boot.logging.DeferredLog [restartedMain] Devtools property defaults active! Set 'spring.devtools.add-properties' to 'false' to disable
2021-08-11 08:43:55,282 INFO org.springframework.boot.logging.DeferredLog [restartedMain] For additional web related logging consider setting the 'logging.level.web' property to 'DEBUG'
2021-08-11 08:43:56,639 INFO org.springframework.boot.web.embedded.tomcat.TomcatWebServer [restartedMain] Tomcat initialized with port(s): 8080 (http)
2021-08-11 08:43:56,654 INFO org.apache.juli.logging.DirectJDKLog [restartedMain] Initializing ProtocolHandler ["http-nio-8080"]
2021-08-11 08:43:56,655 INFO org.apache.juli.logging.DirectJDKLog [restartedMain] Starting service [Tomcat]
2021-08-11 08:43:56,655 INFO org.apache.juli.logging.DirectJDKLog [restartedMain] Starting Servlet engine: [Apache Tomcat/9.0.50]
2021-08-11 08:43:56,724 INFO org.apache.juli.logging.DirectJDKLog [restartedMain] Initializing Spring embedded WebApplicationContext
2021-08-11 08:43:56,725 INFO org.springframework.boot.web.servlet.context.ServletWebServerApplicationContext [restartedMain] Root WebApplicationContext: initialization completed in 1441 ms
2021-08-11 08:43:56,984 INFO org.springframework.boot.autoconfigure.web.servlet.WelcomePageHandlerMapping [restartedMain] Adding welcome page: class path resource [static/index.html]
2021-08-11 08:43:57,114 INFO org.springframework.boot.devtools.autoconfigure.OptionalLiveReloadServer [restartedMain] LiveReload server is running on port 35729
2021-08-11 08:43:57,134 INFO org.apache.juli.logging.DirectJDKLog [restartedMain] Starting ProtocolHandler ["http-nio-8080"]
2021-08-11 08:43:57,177 INFO org.springframework.boot.web.embedded.tomcat.TomcatWebServer [restartedMain] Tomcat started on port(s): 8080 (http) with context path ''
2021-08-11 08:43:57,190 INFO org.springframework.boot.StartupInfoLogger [restartedMain] Started ShashinApplicationKt in 2.536 seconds (JVM running for 3.517)
2021-08-11 08:43:57,829 INFO org.apache.juli.logging.DirectJDKLog [http-nio-8080-exec-1] Initializing Spring DispatcherServlet 'dispatcherServlet'
2021-08-11 08:43:57,829 INFO org.springframework.web.servlet.FrameworkServlet [http-nio-8080-exec-1] Initializing Servlet 'dispatcherServlet'
2021-08-11 08:43:57,830 INFO org.springframework.web.servlet.FrameworkServlet [http-nio-8080-exec-1] Completed initialization in 1 ms
2021-08-11 08:46:02,601 INFO org.springframework.boot.StartupInfoLogger [restartedMain] Starting ShashinApplicationKt using Java 16.0.2 on LAPTOP-KQMN93J1 with PID 4340 (C:\Users\micha\IdeaProjects\shashin\target\classes started by micha in C:\Users\micha\IdeaProjects\shashin)
2021-08-11 08:46:02,605 INFO org.springframework.boot.SpringApplication [restartedMain] No active profile set, falling back to default profiles: default
2021-08-11 08:46:02,673 INFO org.springframework.boot.logging.DeferredLog [restartedMain] Devtools property defaults active! Set 'spring.devtools.add-properties' to 'false' to disable
2021-08-11 08:46:02,674 INFO org.springframework.boot.logging.DeferredLog [restartedMain] For additional web related logging consider setting the 'logging.level.web' property to 'DEBUG'
2021-08-11 08:46:03,956 INFO org.springframework.boot.web.embedded.tomcat.TomcatWebServer [restartedMain] Tomcat initialized with port(s): 8080 (http)
2021-08-11 08:46:03,965 INFO org.apache.juli.logging.DirectJDKLog [restartedMain] Initializing ProtocolHandler ["http-nio-8080"]
2021-08-11 08:46:03,966 INFO org.apache.juli.logging.DirectJDKLog [restartedMain] Starting service [Tomcat]
2021-08-11 08:46:03,966 INFO org.apache.juli.logging.DirectJDKLog [restartedMain] Starting Servlet engine: [Apache Tomcat/9.0.50]
2021-08-11 08:46:04,047 INFO org.apache.juli.logging.DirectJDKLog [restartedMain] Initializing Spring embedded WebApplicationContext
2021-08-11 08:46:04,047 INFO org.springframework.boot.web.servlet.context.ServletWebServerApplicationContext [restartedMain] Root WebApplicationContext: initialization completed in 1372 ms
2021-08-11 08:46:04,337 INFO org.springframework.boot.autoconfigure.web.servlet.WelcomePageHandlerMapping [restartedMain] Adding welcome page: class path resource [static/index.html]
2021-08-11 08:46:04,479 INFO org.springframework.boot.devtools.autoconfigure.OptionalLiveReloadServer [restartedMain] LiveReload server is running on port 35729
2021-08-11 08:46:04,495 INFO org.apache.juli.logging.DirectJDKLog [restartedMain] Starting ProtocolHandler ["http-nio-8080"]
2021-08-11 08:46:04,534 INFO org.springframework.boot.web.embedded.tomcat.TomcatWebServer [restartedMain] Tomcat started on port(s): 8080 (http) with context path ''
2021-08-11 08:46:04,548 INFO org.springframework.boot.StartupInfoLogger [restartedMain] Started ShashinApplicationKt in 2.476 seconds (JVM running for 3.308)
2021-08-11 08:46:05,420 INFO org.apache.juli.logging.DirectJDKLog [http-nio-8080-exec-1] Initializing Spring DispatcherServlet 'dispatcherServlet'
2021-08-11 08:46:05,421 INFO org.springframework.web.servlet.FrameworkServlet [http-nio-8080-exec-1] Initializing Servlet 'dispatcherServlet'
2021-08-11 08:46:05,422 INFO org.springframework.web.servlet.FrameworkServlet [http-nio-8080-exec-1] Completed initialization in 1 ms
2021-08-11 08:48:30,841 INFO org.springframework.boot.StartupInfoLogger [restartedMain] Starting ShashinApplicationKt using Java 16.0.2 on LAPTOP-KQMN93J1 with PID 19688 (C:\Users\micha\IdeaProjects\shashin\target\classes started by micha in C:\Users\micha\IdeaProjects\shashin)
2021-08-11 08:48:30,844 INFO org.springframework.boot.SpringApplication [restartedMain] No active profile set, falling back to default profiles: default
2021-08-11 08:48:30,916 INFO org.springframework.boot.logging.DeferredLog [restartedMain] Devtools property defaults active! Set 'spring.devtools.add-properties' to 'false' to disable
2021-08-11 08:48:30,917 INFO org.springframework.boot.logging.DeferredLog [restartedMain] For additional web related logging consider setting the 'logging.level.web' property to 'DEBUG'
2021-08-11 08:48:32,291 INFO org.springframework.boot.web.embedded.tomcat.TomcatWebServer [restartedMain] Tomcat initialized with port(s): 8080 (http)
2021-08-11 08:48:32,302 INFO org.apache.juli.logging.DirectJDKLog [restartedMain] Initializing ProtocolHandler ["http-nio-8080"]
2021-08-11 08:48:32,303 INFO org.apache.juli.logging.DirectJDKLog [restartedMain] Starting service [Tomcat]
2021-08-11 08:48:32,304 INFO org.apache.juli.logging.DirectJDKLog [restartedMain] Starting Servlet engine: [Apache Tomcat/9.0.50]
2021-08-11 08:48:32,381 INFO org.apache.juli.logging.DirectJDKLog [restartedMain] Initializing Spring embedded WebApplicationContext
2021-08-11 08:48:32,381 INFO org.springframework.boot.web.servlet.context.ServletWebServerApplicationContext [restartedMain] Root WebApplicationContext: initialization completed in 1463 ms
2021-08-11 08:48:32,646 INFO org.springframework.boot.autoconfigure.web.servlet.WelcomePageHandlerMapping [restartedMain] Adding welcome page: class path resource [static/index.html]
2021-08-11 08:48:32,781 INFO org.springframework.boot.devtools.autoconfigure.OptionalLiveReloadServer [restartedMain] LiveReload server is running on port 35729
2021-08-11 08:48:32,800 INFO org.apache.juli.logging.DirectJDKLog [restartedMain] Starting ProtocolHandler ["http-nio-8080"]
2021-08-11 08:48:32,840 INFO org.springframework.boot.web.embedded.tomcat.TomcatWebServer [restartedMain] Tomcat started on port(s): 8080 (http) with context path ''
2021-08-11 08:48:32,852 INFO org.springframework.boot.StartupInfoLogger [restartedMain] Started ShashinApplicationKt in 2.574 seconds (JVM running for 3.452)
2021-08-11 08:48:37,250 INFO org.apache.juli.logging.DirectJDKLog [http-nio-8080-exec-1] Initializing Spring DispatcherServlet 'dispatcherServlet'
2021-08-11 08:48:37,250 INFO org.springframework.web.servlet.FrameworkServlet [http-nio-8080-exec-1] Initializing Servlet 'dispatcherServlet'
2021-08-11 08:48:37,251 INFO org.springframework.web.servlet.FrameworkServlet [http-nio-8080-exec-1] Completed initialization in 1 ms
2021-08-11 08:50:52,068 INFO org.springframework.boot.StartupInfoLogger [restartedMain] Starting ShashinApplicationKt using Java 16.0.2 on LAPTOP-KQMN93J1 with PID 18436 (C:\Users\micha\IdeaProjects\shashin\target\classes started by micha in C:\Users\micha\IdeaProjects\shashin)
2021-08-11 08:50:52,071 INFO org.springframework.boot.SpringApplication [restartedMain] No active profile set, falling back to default profiles: default
2021-08-11 08:50:52,148 INFO org.springframework.boot.logging.DeferredLog [restartedMain] Devtools property defaults active! Set 'spring.devtools.add-properties' to 'false' to disable
2021-08-11 08:50:52,148 INFO org.springframework.boot.logging.DeferredLog [restartedMain] For additional web related logging consider setting the 'logging.level.web' property to 'DEBUG'
2021-08-11 08:50:53,471 INFO org.springframework.boot.web.embedded.tomcat.TomcatWebServer [restartedMain] Tomcat initialized with port(s): 8080 (http)
2021-08-11 08:50:53,482 INFO org.apache.juli.logging.DirectJDKLog [restartedMain] Initializing ProtocolHandler ["http-nio-8080"]
2021-08-11 08:50:53,483 INFO org.apache.juli.logging.DirectJDKLog [restartedMain] Starting service [Tomcat]
2021-08-11 08:50:53,484 INFO org.apache.juli.logging.DirectJDKLog [restartedMain] Starting Servlet engine: [Apache Tomcat/9.0.50]
2021-08-11 08:50:53,561 INFO org.apache.juli.logging.DirectJDKLog [restartedMain] Initializing Spring embedded WebApplicationContext
2021-08-11 08:50:53,561 INFO org.springframework.boot.web.servlet.context.ServletWebServerApplicationContext [restartedMain] Root WebApplicationContext: initialization completed in 1412 ms
2021-08-11 08:50:53,825 INFO org.springframework.boot.autoconfigure.web.servlet.WelcomePageHandlerMapping [restartedMain] Adding welcome page: class path resource [static/index.html]
2021-08-11 08:50:53,978 INFO org.springframework.boot.devtools.autoconfigure.OptionalLiveReloadServer [restartedMain] LiveReload server is running on port 35729
2021-08-11 08:50:53,995 INFO org.apache.juli.logging.DirectJDKLog [restartedMain] Starting ProtocolHandler ["http-nio-8080"]
2021-08-11 08:50:54,041 INFO org.springframework.boot.web.embedded.tomcat.TomcatWebServer [restartedMain] Tomcat started on port(s): 8080 (http) with context path ''
2021-08-11 08:50:54,056 INFO org.springframework.boot.StartupInfoLogger [restartedMain] Started ShashinApplicationKt in 2.573 seconds (JVM running for 3.491)
2021-08-11 08:50:59,210 INFO org.apache.juli.logging.DirectJDKLog [http-nio-8080-exec-2] Initializing Spring DispatcherServlet 'dispatcherServlet'
2021-08-11 08:50:59,211 INFO org.springframework.web.servlet.FrameworkServlet [http-nio-8080-exec-2] Initializing Servlet 'dispatcherServlet'
2021-08-11 08:50:59,212 INFO org.springframework.web.servlet.FrameworkServlet [http-nio-8080-exec-2] Completed initialization in 1 ms
2021-08-11 08:51:48,058 INFO org.springframework.boot.StartupInfoLogger [restartedMain] Starting ShashinApplicationKt using Java 16.0.2 on LAPTOP-KQMN93J1 with PID 14492 (C:\Users\micha\IdeaProjects\shashin\target\classes started by micha in C:\Users\micha\IdeaProjects\shashin)
2021-08-11 08:51:48,062 INFO org.springframework.boot.SpringApplication [restartedMain] No active profile set, falling back to default profiles: default
2021-08-11 08:51:48,125 INFO org.springframework.boot.logging.DeferredLog [restartedMain] Devtools property defaults active! Set 'spring.devtools.add-properties' to 'false' to disable
2021-08-11 08:51:48,126 INFO org.springframework.boot.logging.DeferredLog [restartedMain] For additional web related logging consider setting the 'logging.level.web' property to 'DEBUG'
2021-08-11 08:51:49,452 INFO org.springframework.boot.web.embedded.tomcat.TomcatWebServer [restartedMain] Tomcat initialized with port(s): 8080 (http)
2021-08-11 08:51:49,462 INFO org.apache.juli.logging.DirectJDKLog [restartedMain] Initializing ProtocolHandler ["http-nio-8080"]
2021-08-11 08:51:49,463 INFO org.apache.juli.logging.DirectJDKLog [restartedMain] Starting service [Tomcat]
2021-08-11 08:51:49,464 INFO org.apache.juli.logging.DirectJDKLog [restartedMain] Starting Servlet engine: [Apache Tomcat/9.0.50]
2021-08-11 08:51:49,536 INFO org.apache.juli.logging.DirectJDKLog [restartedMain] Initializing Spring embedded WebApplicationContext
2021-08-11 08:51:49,536 INFO org.springframework.boot.web.servlet.context.ServletWebServerApplicationContext [restartedMain] Root WebApplicationContext: initialization completed in 1410 ms
2021-08-11 08:51:49,783 INFO org.springframework.boot.autoconfigure.web.servlet.WelcomePageHandlerMapping [restartedMain] Adding welcome page: class path resource [static/index.html]
2021-08-11 08:51:49,916 INFO org.springframework.boot.devtools.autoconfigure.OptionalLiveReloadServer [restartedMain] LiveReload server is running on port 35729
2021-08-11 08:51:49,935 INFO org.apache.juli.logging.DirectJDKLog [restartedMain] Starting ProtocolHandler ["http-nio-8080"]
2021-08-11 08:51:49,976 INFO org.springframework.boot.web.embedded.tomcat.TomcatWebServer [restartedMain] Tomcat started on port(s): 8080 (http) with context path ''
2021-08-11 08:51:49,989 INFO org.springframework.boot.StartupInfoLogger [restartedMain] Started ShashinApplicationKt in 2.564 seconds (JVM running for 3.421)
2021-08-11 08:52:03,237 INFO org.apache.juli.logging.DirectJDKLog [http-nio-8080-exec-1] Initializing Spring DispatcherServlet 'dispatcherServlet'
2021-08-11 08:52:03,238 INFO org.springframework.web.servlet.FrameworkServlet [http-nio-8080-exec-1] Initializing Servlet 'dispatcherServlet'
2021-08-11 08:52:03,239 INFO org.springframework.web.servlet.FrameworkServlet [http-nio-8080-exec-1] Completed initialization in 1 ms
2021-08-11 09:11:20,040 INFO org.springframework.boot.StartupInfoLogger [restartedMain] Starting ShashinApplicationKt using Java 16.0.2 on LAPTOP-KQMN93J1 with PID 1320 (C:\Users\micha\IdeaProjects\shashin\target\classes started by micha in C:\Users\micha\IdeaProjects\shashin)
2021-08-11 09:11:20,043 INFO org.springframework.boot.SpringApplication [restartedMain] No active profile set, falling back to default profiles: default
2021-08-11 09:11:20,111 INFO org.springframework.boot.logging.DeferredLog [restartedMain] Devtools property defaults active! Set 'spring.devtools.add-properties' to 'false' to disable
2021-08-11 09:11:20,112 INFO org.springframework.boot.logging.DeferredLog [restartedMain] For additional web related logging consider setting the 'logging.level.web' property to 'DEBUG'
2021-08-11 09:11:21,610 INFO org.springframework.boot.web.embedded.tomcat.TomcatWebServer [restartedMain] Tomcat initialized with port(s): 8080 (http)
2021-08-11 09:11:21,622 INFO org.apache.juli.logging.DirectJDKLog [restartedMain] Initializing ProtocolHandler ["http-nio-8080"]
2021-08-11 09:11:21,623 INFO org.apache.juli.logging.DirectJDKLog [restartedMain] Starting service [Tomcat]
2021-08-11 09:11:21,623 INFO org.apache.juli.logging.DirectJDKLog [restartedMain] Starting Servlet engine: [Apache Tomcat/9.0.50]
2021-08-11 09:11:21,706 INFO org.apache.juli.logging.DirectJDKLog [restartedMain] Initializing Spring embedded WebApplicationContext
2021-08-11 09:11:21,707 INFO org.springframework.boot.web.servlet.context.ServletWebServerApplicationContext [restartedMain] Root WebApplicationContext: initialization completed in 1594 ms
2021-08-11 09:11:21,984 INFO org.springframework.boot.autoconfigure.web.servlet.WelcomePageHandlerMapping [restartedMain] Adding welcome page: class path resource [static/index.html]
2021-08-11 09:11:22,136 INFO org.springframework.boot.devtools.autoconfigure.OptionalLiveReloadServer [restartedMain] LiveReload server is running on port 35729
2021-08-11 09:11:22,261 INFO org.apache.juli.logging.DirectJDKLog [restartedMain] Starting ProtocolHandler ["http-nio-8080"]
2021-08-11 09:11:22,342 INFO org.springframework.boot.web.embedded.tomcat.TomcatWebServer [restartedMain] Tomcat started on port(s): 8080 (http) with context path ''
2021-08-11 09:11:22,380 INFO org.springframework.boot.StartupInfoLogger [restartedMain] Started ShashinApplicationKt in 2.948 seconds (JVM running for 3.997)
2021-08-11 09:11:43,591 INFO org.apache.juli.logging.DirectJDKLog [http-nio-8080-exec-3] Initializing Spring DispatcherServlet 'dispatcherServlet'
2021-08-11 09:11:43,591 INFO org.springframework.web.servlet.FrameworkServlet [http-nio-8080-exec-3] Initializing Servlet 'dispatcherServlet'
2021-08-11 09:11:43,592 INFO org.springframework.web.servlet.FrameworkServlet [http-nio-8080-exec-3] Completed initialization in 1 ms
2021-08-11 09:11:44,324 INFO com.miyagi.shashin.ImageProcessingUtils$Companion [Thread-7] Thumbnail created: DSCF1061.JPG.jpg
2021-08-11 09:11:44,780 INFO com.miyagi.shashin.ImageProcessingUtils$Companion [Thread-7] Thumbnail created: DSCF1062.JPG.jpg
2021-08-11 09:11:45,144 INFO com.miyagi.shashin.ImageProcessingUtils$Companion [Thread-7] Thumbnail created: DSCF1063.JPG.jpg
2021-08-11 09:11:45,610 INFO com.miyagi.shashin.ImageProcessingUtils$Companion [Thread-7] Thumbnail created: DSCF1080.JPG.jpg
2021-08-11 09:11:46,018 INFO com.miyagi.shashin.ImageProcessingUtils$Companion [Thread-7] Thumbnail created: DSCF1074.JPG.jpg
2021-08-11 09:11:46,399 INFO com.miyagi.shashin.ImageProcessingUtils$Companion [Thread-7] Thumbnail created: DSCF1075.JPG.jpg
2021-08-11 09:11:46,796 INFO com.miyagi.shashin.ImageProcessingUtils$Companion [Thread-7] Thumbnail created: DSCF1076.JPG.jpg
2021-08-11 09:11:47,158 INFO com.miyagi.shashin.ImageProcessingUtils$Companion [Thread-7] Thumbnail created: DSCF1077.JPG.jpg
2021-08-11 09:11:47,522 INFO com.miyagi.shashin.ImageProcessingUtils$Companion [Thread-7] Thumbnail created: DSCF1078.JPG.jpg
2021-08-11 09:11:47,863 INFO com.miyagi.shashin.ImageProcessingUtils$Companion [Thread-7] Thumbnail created: DSCF1079.JPG.jpg
2021-08-11 12:09:20,903 INFO org.springframework.boot.StartupInfoLogger [restartedMain] Starting ShashinApplicationKt using Java 16.0.2 on LAPTOP-KQMN93J1 with PID 15948 (C:\Users\micha\IdeaProjects\shashin\target\classes started by micha in C:\Users\micha\IdeaProjects\shashin)
2021-08-11 12:09:20,908 INFO org.springframework.boot.SpringApplication [restartedMain] No active profile set, falling back to default profiles: default
2021-08-11 12:09:20,998 INFO org.springframework.boot.logging.DeferredLog [restartedMain] Devtools property defaults active! Set 'spring.devtools.add-properties' to 'false' to disable
2021-08-11 12:09:20,999 INFO org.springframework.boot.logging.DeferredLog [restartedMain] For additional web related logging consider setting the 'logging.level.web' property to 'DEBUG'
2021-08-11 12:09:22,517 INFO org.springframework.boot.web.embedded.tomcat.TomcatWebServer [restartedMain] Tomcat initialized with port(s): 8080 (http)
2021-08-11 12:09:22,532 INFO org.apache.juli.logging.DirectJDKLog [restartedMain] Initializing ProtocolHandler ["http-nio-8080"]
2021-08-11 12:09:22,533 INFO org.apache.juli.logging.DirectJDKLog [restartedMain] Starting service [Tomcat]
2021-08-11 12:09:22,534 INFO org.apache.juli.logging.DirectJDKLog [restartedMain] Starting Servlet engine: [Apache Tomcat/9.0.50]
2021-08-11 12:09:22,628 INFO org.apache.juli.logging.DirectJDKLog [restartedMain] Initializing Spring embedded WebApplicationContext
2021-08-11 12:09:22,629 INFO org.springframework.boot.web.servlet.context.ServletWebServerApplicationContext [restartedMain] Root WebApplicationContext: initialization completed in 1629 ms
2021-08-11 12:09:22,958 INFO org.springframework.boot.autoconfigure.web.servlet.WelcomePageHandlerMapping [restartedMain] Adding welcome page: class path resource [static/index.html]
2021-08-11 12:09:23,166 INFO org.springframework.boot.devtools.autoconfigure.OptionalLiveReloadServer [restartedMain] LiveReload server is running on port 35729
2021-08-11 12:09:23,189 INFO org.apache.juli.logging.DirectJDKLog [restartedMain] Starting ProtocolHandler ["http-nio-8080"]
2021-08-11 12:09:23,236 INFO org.springframework.boot.web.embedded.tomcat.TomcatWebServer [restartedMain] Tomcat started on port(s): 8080 (http) with context path ''
2021-08-11 12:09:23,252 INFO org.springframework.boot.StartupInfoLogger [restartedMain] Started ShashinApplicationKt in 3.065 seconds (JVM running for 4.188)
2021-08-11 12:09:27,662 INFO org.apache.juli.logging.DirectJDKLog [http-nio-8080-exec-1] Initializing Spring DispatcherServlet 'dispatcherServlet'
2021-08-11 12:09:27,663 INFO org.springframework.web.servlet.FrameworkServlet [http-nio-8080-exec-1] Initializing Servlet 'dispatcherServlet'
2021-08-11 12:09:27,664 INFO org.springframework.web.servlet.FrameworkServlet [http-nio-8080-exec-1] Completed initialization in 1 ms
2021-08-11 12:09:27,779 INFO com.miyagi.shashin.FileUtils$Companion [Thread-7] Thread already exists: testData
2021-08-11 12:09:27,844 INFO com.miyagi.shashin.FileUtils$Companion [Thread-7] YAML metadata created: DSCF1061.JPG.yaml
2021-08-11 12:09:28,380 INFO com.miyagi.shashin.FileUtils$Companion [Thread-7] Thumbnail created: DSCF1061.JPG.jpg
2021-08-11 12:09:28,380 INFO com.miyagi.shashin.FileUtils$Companion [Thread-7] Thumbnail already exists: DSCF1061.JPG.jpg
2021-08-11 12:09:28,409 INFO com.miyagi.shashin.FileUtils$Companion [Thread-7] YAML metadata created: DSCF1062.JPG.yaml
2021-08-11 12:09:28,988 INFO com.miyagi.shashin.FileUtils$Companion [Thread-7] Thumbnail created: DSCF1062.JPG.jpg
2021-08-11 12:09:28,990 INFO com.miyagi.shashin.FileUtils$Companion [Thread-7] Thumbnail already exists: DSCF1062.JPG.jpg
2021-08-11 12:09:29,005 INFO com.miyagi.shashin.FileUtils$Companion [Thread-7] YAML metadata created: DSCF1063.JPG.yaml
2021-08-11 12:09:29,380 INFO com.miyagi.shashin.FileUtils$Companion [Thread-7] Thumbnail created: DSCF1063.JPG.jpg
2021-08-11 12:09:29,381 INFO com.miyagi.shashin.FileUtils$Companion [Thread-7] Thumbnail already exists: DSCF1063.JPG.jpg
2021-08-11 12:09:29,393 INFO com.miyagi.shashin.FileUtils$Companion [Thread-7] YAML metadata created: DSCF1080.JPG.yaml
2021-08-11 12:09:29,754 INFO com.miyagi.shashin.FileUtils$Companion [Thread-7] Thumbnail created: DSCF1080.JPG.jpg
2021-08-11 12:09:29,755 INFO com.miyagi.shashin.FileUtils$Companion [Thread-7] Thumbnail already exists: DSCF1080.JPG.jpg
2021-08-11 12:09:29,764 INFO com.miyagi.shashin.FileUtils$Companion [Thread-7] YAML metadata created: DSCF1074.JPG.yaml
2021-08-11 12:09:30,168 INFO com.miyagi.shashin.FileUtils$Companion [Thread-7] Thumbnail created: DSCF1074.JPG.jpg
2021-08-11 12:09:30,169 INFO com.miyagi.shashin.FileUtils$Companion [Thread-7] Thumbnail already exists: DSCF1074.JPG.jpg
2021-08-11 12:09:30,181 INFO com.miyagi.shashin.FileUtils$Companion [Thread-7] YAML metadata created: DSCF1075.JPG.yaml
2021-08-11 12:09:30,545 INFO com.miyagi.shashin.FileUtils$Companion [Thread-7] Thumbnail created: DSCF1075.JPG.jpg
2021-08-11 12:09:30,546 INFO com.miyagi.shashin.FileUtils$Companion [Thread-7] Thumbnail already exists: DSCF1075.JPG.jpg
2021-08-11 12:09:30,556 INFO com.miyagi.shashin.FileUtils$Companion [Thread-7] YAML metadata created: DSCF1076.JPG.yaml
2021-08-11 12:09:31,001 INFO com.miyagi.shashin.FileUtils$Companion [Thread-7] Thumbnail created: DSCF1076.JPG.jpg
2021-08-11 12:09:31,003 INFO com.miyagi.shashin.FileUtils$Companion [Thread-7] Thumbnail already exists: DSCF1076.JPG.jpg
2021-08-11 12:09:31,017 INFO com.miyagi.shashin.FileUtils$Companion [Thread-7] YAML metadata created: DSCF1077.JPG.yaml
2021-08-11 12:09:31,707 INFO com.miyagi.shashin.FileUtils$Companion [Thread-7] Thumbnail created: DSCF1077.JPG.jpg
2021-08-11 12:09:31,708 INFO com.miyagi.shashin.FileUtils$Companion [Thread-7] Thumbnail already exists: DSCF1077.JPG.jpg
2021-08-11 12:09:31,720 INFO com.miyagi.shashin.FileUtils$Companion [Thread-7] YAML metadata created: DSCF1078.JPG.yaml
2021-08-11 12:09:32,044 INFO com.miyagi.shashin.FileUtils$Companion [Thread-7] Thumbnail created: DSCF1078.JPG.jpg
2021-08-11 12:09:32,044 INFO com.miyagi.shashin.FileUtils$Companion [Thread-7] Thumbnail already exists: DSCF1078.JPG.jpg
2021-08-11 12:09:32,052 INFO com.miyagi.shashin.FileUtils$Companion [Thread-7] YAML metadata created: DSCF1079.JPG.yaml
2021-08-11 12:09:32,405 INFO com.miyagi.shashin.FileUtils$Companion [Thread-7] Thumbnail created: DSCF1079.JPG.jpg
2021-08-11 12:09:32,405 INFO com.miyagi.shashin.FileUtils$Companion [Thread-7] Thumbnail already exists: DSCF1079.JPG.jpg
2021-08-11 12:09:32,413 ERROR com.miyagi.shashin.controller.SettingsController [Thread-7] Could not delete thread file: testData
2021-08-11 12:10:58,265 INFO org.springframework.boot.StartupInfoLogger [restartedMain] Starting ShashinApplicationKt using Java 16.0.2 on LAPTOP-KQMN93J1 with PID 16620 (C:\Users\micha\IdeaProjects\shashin\target\classes started by micha in C:\Users\micha\IdeaProjects\shashin)
2021-08-11 12:10:58,269 INFO org.springframework.boot.SpringApplication [restartedMain] No active profile set, falling back to default profiles: default
2021-08-11 12:10:58,338 INFO org.springframework.boot.logging.DeferredLog [restartedMain] Devtools property defaults active! Set 'spring.devtools.add-properties' to 'false' to disable
2021-08-11 12:10:58,339 INFO org.springframework.boot.logging.DeferredLog [restartedMain] For additional web related logging consider setting the 'logging.level.web' property to 'DEBUG'
2021-08-11 12:10:59,765 INFO org.springframework.boot.web.embedded.tomcat.TomcatWebServer [restartedMain] Tomcat initialized with port(s): 8080 (http)
2021-08-11 12:10:59,777 INFO org.apache.juli.logging.DirectJDKLog [restartedMain] Initializing ProtocolHandler ["http-nio-8080"]
2021-08-11 12:10:59,778 INFO org.apache.juli.logging.DirectJDKLog [restartedMain] Starting service [Tomcat]
2021-08-11 12:10:59,778 INFO org.apache.juli.logging.DirectJDKLog [restartedMain] Starting Servlet engine: [Apache Tomcat/9.0.50]
2021-08-11 12:10:59,865 INFO org.apache.juli.logging.DirectJDKLog [restartedMain] Initializing Spring embedded WebApplicationContext
2021-08-11 12:10:59,865 INFO org.springframework.boot.web.servlet.context.ServletWebServerApplicationContext [restartedMain] Root WebApplicationContext: initialization completed in 1524 ms
2021-08-11 12:11:00,135 INFO org.springframework.boot.autoconfigure.web.servlet.WelcomePageHandlerMapping [restartedMain] Adding welcome page: class path resource [static/index.html]
2021-08-11 12:11:00,277 INFO org.springframework.boot.devtools.autoconfigure.OptionalLiveReloadServer [restartedMain] LiveReload server is running on port 35729
2021-08-11 12:11:00,295 INFO org.apache.juli.logging.DirectJDKLog [restartedMain] Starting ProtocolHandler ["http-nio-8080"]
2021-08-11 12:11:00,338 INFO org.springframework.boot.web.embedded.tomcat.TomcatWebServer [restartedMain] Tomcat started on port(s): 8080 (http) with context path ''
2021-08-11 12:11:00,353 INFO org.springframework.boot.StartupInfoLogger [restartedMain] Started ShashinApplicationKt in 2.692 seconds (JVM running for 3.607)
2021-08-11 12:11:03,011 INFO org.apache.juli.logging.DirectJDKLog [http-nio-8080-exec-1] Initializing Spring DispatcherServlet 'dispatcherServlet'
2021-08-11 12:11:03,012 INFO org.springframework.web.servlet.FrameworkServlet [http-nio-8080-exec-1] Initializing Servlet 'dispatcherServlet'
2021-08-11 12:11:03,013 INFO org.springframework.web.servlet.FrameworkServlet [http-nio-8080-exec-1] Completed initialization in 1 ms
2021-08-11 12:11:05,253 INFO com.miyagi.shashin.FileUtils$Companion [Thread-7] Thread created: Thread-7.shashinscan
2021-08-11 12:11:05,305 INFO com.miyagi.shashin.FileUtils$Companion [Thread-7] YAML metadata created: DSCF1061.JPG.yaml
2021-08-11 12:11:05,828 INFO com.miyagi.shashin.FileUtils$Companion [Thread-7] Thumbnail created: DSCF1061.JPG.jpg
2021-08-11 12:11:05,829 INFO com.miyagi.shashin.FileUtils$Companion [Thread-7] Thumbnail already exists: DSCF1061.JPG.jpg
2021-08-11 12:11:05,855 INFO com.miyagi.shashin.FileUtils$Companion [Thread-7] YAML metadata created: DSCF1062.JPG.yaml
2021-08-11 12:11:06,320 INFO com.miyagi.shashin.FileUtils$Companion [Thread-7] Thumbnail created: DSCF1062.JPG.jpg
2021-08-11 12:11:06,321 INFO com.miyagi.shashin.FileUtils$Companion [Thread-7] Thumbnail already exists: DSCF1062.JPG.jpg
2021-08-11 12:11:06,335 INFO com.miyagi.shashin.FileUtils$Companion [Thread-7] YAML metadata created: DSCF1063.JPG.yaml
2021-08-11 12:11:06,689 INFO com.miyagi.shashin.FileUtils$Companion [Thread-7] Thumbnail created: DSCF1063.JPG.jpg
2021-08-11 12:11:06,690 INFO com.miyagi.shashin.FileUtils$Companion [Thread-7] Thumbnail already exists: DSCF1063.JPG.jpg
2021-08-11 12:11:06,703 INFO com.miyagi.shashin.FileUtils$Companion [Thread-7] YAML metadata created: DSCF1080.JPG.yaml
2021-08-11 12:11:07,075 INFO com.miyagi.shashin.FileUtils$Companion [Thread-7] Thumbnail created: DSCF1080.JPG.jpg
2021-08-11 12:11:07,076 INFO com.miyagi.shashin.FileUtils$Companion [Thread-7] Thumbnail already exists: DSCF1080.JPG.jpg
2021-08-11 12:11:07,089 INFO com.miyagi.shashin.FileUtils$Companion [Thread-7] YAML metadata created: DSCF1074.JPG.yaml
2021-08-11 12:11:07,476 INFO com.miyagi.shashin.FileUtils$Companion [Thread-7] Thumbnail created: DSCF1074.JPG.jpg
2021-08-11 12:11:07,477 INFO com.miyagi.shashin.FileUtils$Companion [Thread-7] Thumbnail already exists: DSCF1074.JPG.jpg
2021-08-11 12:11:07,489 INFO com.miyagi.shashin.FileUtils$Companion [Thread-7] YAML metadata created: DSCF1075.JPG.yaml
2021-08-11 12:11:07,863 INFO com.miyagi.shashin.FileUtils$Companion [Thread-7] Thumbnail created: DSCF1075.JPG.jpg
2021-08-11 12:11:07,864 INFO com.miyagi.shashin.FileUtils$Companion [Thread-7] Thumbnail already exists: DSCF1075.JPG.jpg
2021-08-11 12:11:07,878 INFO com.miyagi.shashin.FileUtils$Companion [Thread-7] YAML metadata created: DSCF1076.JPG.yaml
2021-08-11 12:11:08,256 INFO com.miyagi.shashin.FileUtils$Companion [Thread-7] Thumbnail created: DSCF1076.JPG.jpg
2021-08-11 12:11:08,257 INFO com.miyagi.shashin.FileUtils$Companion [Thread-7] Thumbnail already exists: DSCF1076.JPG.jpg
2021-08-11 12:11:08,275 INFO com.miyagi.shashin.FileUtils$Companion [Thread-7] YAML metadata created: DSCF1077.JPG.yaml
2021-08-11 12:11:08,649 INFO com.miyagi.shashin.FileUtils$Companion [Thread-7] Thumbnail created: DSCF1077.JPG.jpg
2021-08-11 12:11:08,650 INFO com.miyagi.shashin.FileUtils$Companion [Thread-7] Thumbnail already exists: DSCF1077.JPG.jpg
2021-08-11 12:11:08,661 INFO com.miyagi.shashin.FileUtils$Companion [Thread-7] YAML metadata created: DSCF1078.JPG.yaml
2021-08-11 12:11:09,050 INFO com.miyagi.shashin.FileUtils$Companion [Thread-7] Thumbnail created: DSCF1078.JPG.jpg
2021-08-11 12:11:09,051 INFO com.miyagi.shashin.FileUtils$Companion [Thread-7] Thumbnail already exists: DSCF1078.JPG.jpg
2021-08-11 12:11:09,065 INFO com.miyagi.shashin.FileUtils$Companion [Thread-7] YAML metadata created: DSCF1079.JPG.yaml
2021-08-11 12:11:09,644 INFO com.miyagi.shashin.FileUtils$Companion [Thread-7] Thumbnail created: DSCF1079.JPG.jpg
2021-08-11 12:11:09,645 INFO com.miyagi.shashin.FileUtils$Companion [Thread-7] Thumbnail already exists: DSCF1079.JPG.jpg
2021-08-11 12:11:39,565 INFO com.miyagi.shashin.FileUtils$Companion [Thread-8] Thread created: Thread-8.shashinscan
2021-08-11 12:11:39,571 INFO com.miyagi.shashin.FileUtils$Companion [Thread-8] YAML metadata created: DSCF1061.JPG.yaml
2021-08-11 12:11:39,936 INFO com.miyagi.shashin.FileUtils$Companion [Thread-8] Thumbnail created: DSCF1061.JPG.jpg
2021-08-11 12:11:39,936 INFO com.miyagi.shashin.FileUtils$Companion [Thread-8] Thumbnail already exists: DSCF1061.JPG.jpg
2021-08-11 12:11:39,944 INFO com.miyagi.shashin.FileUtils$Companion [Thread-8] YAML metadata created: DSCF1062.JPG.yaml
2021-08-11 12:11:40,329 INFO com.miyagi.shashin.FileUtils$Companion [Thread-8] Thumbnail created: DSCF1062.JPG.jpg
2021-08-11 12:11:40,330 INFO com.miyagi.shashin.FileUtils$Companion [Thread-8] Thumbnail already exists: DSCF1062.JPG.jpg
2021-08-11 12:11:40,342 INFO com.miyagi.shashin.FileUtils$Companion [Thread-8] YAML metadata created: DSCF1063.JPG.yaml
2021-08-11 12:11:40,713 INFO com.miyagi.shashin.FileUtils$Companion [Thread-8] Thumbnail created: DSCF1063.JPG.jpg
2021-08-11 12:11:40,714 INFO com.miyagi.shashin.FileUtils$Companion [Thread-8] Thumbnail already exists: DSCF1063.JPG.jpg
2021-08-11 12:11:40,726 INFO com.miyagi.shashin.FileUtils$Companion [Thread-8] YAML metadata created: DSCF1080.JPG.yaml
2021-08-11 12:11:41,074 INFO com.miyagi.shashin.FileUtils$Companion [Thread-8] Thumbnail created: DSCF1080.JPG.jpg
2021-08-11 12:11:41,075 INFO com.miyagi.shashin.FileUtils$Companion [Thread-8] Thumbnail already exists: DSCF1080.JPG.jpg
2021-08-11 12:11:41,089 INFO com.miyagi.shashin.FileUtils$Companion [Thread-8] YAML metadata created: DSCF1074.JPG.yaml
2021-08-11 12:11:41,459 INFO com.miyagi.shashin.FileUtils$Companion [Thread-8] Thumbnail created: DSCF1074.JPG.jpg
2021-08-11 12:11:41,460 INFO com.miyagi.shashin.FileUtils$Companion [Thread-8] Thumbnail already exists: DSCF1074.JPG.jpg
2021-08-11 12:11:41,470 INFO com.miyagi.shashin.FileUtils$Companion [Thread-8] YAML metadata created: DSCF1075.JPG.yaml
2021-08-11 12:11:41,816 INFO com.miyagi.shashin.FileUtils$Companion [Thread-8] Thumbnail created: DSCF1075.JPG.jpg
2021-08-11 12:11:41,817 INFO com.miyagi.shashin.FileUtils$Companion [Thread-8] Thumbnail already exists: DSCF1075.JPG.jpg
2021-08-11 12:11:41,829 INFO com.miyagi.shashin.FileUtils$Companion [Thread-8] YAML metadata created: DSCF1076.JPG.yaml
2021-08-11 12:11:42,168 INFO com.miyagi.shashin.FileUtils$Companion [Thread-8] Thumbnail created: DSCF1076.JPG.jpg
2021-08-11 12:11:42,169 INFO com.miyagi.shashin.FileUtils$Companion [Thread-8] Thumbnail already exists: DSCF1076.JPG.jpg
2021-08-11 12:11:42,178 INFO com.miyagi.shashin.FileUtils$Companion [Thread-8] YAML metadata created: DSCF1077.JPG.yaml
2021-08-11 12:11:42,501 INFO com.miyagi.shashin.FileUtils$Companion [Thread-8] Thumbnail created: DSCF1077.JPG.jpg
2021-08-11 12:11:42,502 INFO com.miyagi.shashin.FileUtils$Companion [Thread-8] Thumbnail already exists: DSCF1077.JPG.jpg
2021-08-11 12:11:42,512 INFO com.miyagi.shashin.FileUtils$Companion [Thread-8] YAML metadata created: DSCF1078.JPG.yaml
2021-08-11 12:11:42,839 INFO com.miyagi.shashin.FileUtils$Companion [Thread-8] Thumbnail created: DSCF1078.JPG.jpg
2021-08-11 12:11:42,841 INFO com.miyagi.shashin.FileUtils$Companion [Thread-8] Thumbnail already exists: DSCF1078.JPG.jpg
2021-08-11 12:11:42,851 INFO com.miyagi.shashin.FileUtils$Companion [Thread-8] YAML metadata created: DSCF1079.JPG.yaml
2021-08-11 12:11:43,171 INFO com.miyagi.shashin.FileUtils$Companion [Thread-8] Thumbnail created: DSCF1079.JPG.jpg
2021-08-11 12:11:43,172 INFO com.miyagi.shashin.FileUtils$Companion [Thread-8] Thumbnail already exists: DSCF1079.JPG.jpg
2021-08-11 12:17:21,505 INFO com.miyagi.shashin.FileUtils$Companion [Thread-9] Thread created: Thread-9.shashinscan
2021-08-11 12:17:21,512 INFO com.miyagi.shashin.FileUtils$Companion [Thread-9] YAML metadata created: DSCF1061.JPG.yaml
2021-08-11 12:17:21,893 INFO com.miyagi.shashin.FileUtils$Companion [Thread-9] Thumbnail created: DSCF1061.JPG.jpg
2021-08-11 12:17:21,894 INFO com.miyagi.shashin.FileUtils$Companion [Thread-9] Thumbnail already exists: DSCF1061.JPG.jpg
2021-08-11 12:17:21,905 INFO com.miyagi.shashin.FileUtils$Companion [Thread-9] YAML metadata created: DSCF1062.JPG.yaml
2021-08-11 12:17:22,319 INFO com.miyagi.shashin.FileUtils$Companion [Thread-9] Thumbnail created: DSCF1062.JPG.jpg
2021-08-11 12:17:22,321 INFO com.miyagi.shashin.FileUtils$Companion [Thread-9] Thumbnail already exists: DSCF1062.JPG.jpg
2021-08-11 12:17:22,333 INFO com.miyagi.shashin.FileUtils$Companion [Thread-9] YAML metadata created: DSCF1063.JPG.yaml
2021-08-11 12:17:22,671 INFO com.miyagi.shashin.FileUtils$Companion [Thread-9] Thumbnail created: DSCF1063.JPG.jpg
2021-08-11 12:17:22,671 INFO com.miyagi.shashin.FileUtils$Companion [Thread-9] Thumbnail already exists: DSCF1063.JPG.jpg
2021-08-11 12:17:22,682 INFO com.miyagi.shashin.FileUtils$Companion [Thread-9] YAML metadata created: DSCF1080.JPG.yaml
2021-08-11 12:17:23,055 INFO com.miyagi.shashin.FileUtils$Companion [Thread-9] Thumbnail created: DSCF1080.JPG.jpg
2021-08-11 12:17:23,056 INFO com.miyagi.shashin.FileUtils$Companion [Thread-9] Thumbnail already exists: DSCF1080.JPG.jpg
2021-08-11 12:17:23,065 INFO com.miyagi.shashin.FileUtils$Companion [Thread-9] YAML metadata created: DSCF1074.JPG.yaml
2021-08-11 12:17:23,442 INFO com.miyagi.shashin.FileUtils$Companion [Thread-9] Thumbnail created: DSCF1074.JPG.jpg
2021-08-11 12:17:23,443 INFO com.miyagi.shashin.FileUtils$Companion [Thread-9] Thumbnail already exists: DSCF1074.JPG.jpg
2021-08-11 12:17:23,452 INFO com.miyagi.shashin.FileUtils$Companion [Thread-9] YAML metadata created: DSCF1075.JPG.yaml
2021-08-11 12:17:23,840 INFO com.miyagi.shashin.FileUtils$Companion [Thread-9] Thumbnail created: DSCF1075.JPG.jpg
2021-08-11 12:17:23,841 INFO com.miyagi.shashin.FileUtils$Companion [Thread-9] Thumbnail already exists: DSCF1075.JPG.jpg
2021-08-11 12:17:23,850 INFO com.miyagi.shashin.FileUtils$Companion [Thread-9] YAML metadata created: DSCF1076.JPG.yaml
2021-08-11 12:17:24,226 INFO com.miyagi.shashin.FileUtils$Companion [Thread-9] Thumbnail created: DSCF1076.JPG.jpg
2021-08-11 12:17:24,227 INFO com.miyagi.shashin.FileUtils$Companion [Thread-9] Thumbnail already exists: DSCF1076.JPG.jpg
2021-08-11 12:17:24,237 INFO com.miyagi.shashin.FileUtils$Companion [Thread-9] YAML metadata created: DSCF1077.JPG.yaml
2021-08-11 12:17:24,933 INFO com.miyagi.shashin.FileUtils$Companion [Thread-9] Thumbnail created: DSCF1077.JPG.jpg
2021-08-11 12:17:24,934 INFO com.miyagi.shashin.FileUtils$Companion [Thread-9] Thumbnail already exists: DSCF1077.JPG.jpg
2021-08-11 12:17:24,949 INFO com.miyagi.shashin.FileUtils$Companion [Thread-9] YAML metadata created: DSCF1078.JPG.yaml
2021-08-11 12:17:25,530 INFO com.miyagi.shashin.FileUtils$Companion [Thread-9] Thumbnail created: DSCF1078.JPG.jpg
2021-08-11 12:17:25,531 INFO com.miyagi.shashin.FileUtils$Companion [Thread-9] Thumbnail already exists: DSCF1078.JPG.jpg
2021-08-11 12:17:25,541 INFO com.miyagi.shashin.FileUtils$Companion [Thread-9] YAML metadata created: DSCF1079.JPG.yaml
2021-08-11 12:17:25,953 INFO com.miyagi.shashin.FileUtils$Companion [Thread-9] Thumbnail created: DSCF1079.JPG.jpg
2021-08-11 12:17:25,954 INFO com.miyagi.shashin.FileUtils$Companion [Thread-9] Thumbnail already exists: DSCF1079.JPG.jpg
2021-08-11 12:18:13,094 INFO org.springframework.boot.StartupInfoLogger [restartedMain] Starting ShashinApplicationKt using Java 16.0.2 on LAPTOP-KQMN93J1 with PID 12932 (C:\Users\micha\IdeaProjects\shashin\target\classes started by micha in C:\Users\micha\IdeaProjects\shashin)
2021-08-11 12:18:13,101 INFO org.springframework.boot.SpringApplication [restartedMain] No active profile set, falling back to default profiles: default
2021-08-11 12:18:13,212 INFO org.springframework.boot.logging.DeferredLog [restartedMain] Devtools property defaults active! Set 'spring.devtools.add-properties' to 'false' to disable
2021-08-11 12:18:13,213 INFO org.springframework.boot.logging.DeferredLog [restartedMain] For additional web related logging consider setting the 'logging.level.web' property to 'DEBUG'
2021-08-11 12:18:14,751 INFO org.springframework.boot.web.embedded.tomcat.TomcatWebServer [restartedMain] Tomcat initialized with port(s): 8080 (http)
2021-08-11 12:18:14,770 INFO org.apache.juli.logging.DirectJDKLog [restartedMain] Initializing ProtocolHandler ["http-nio-8080"]
2021-08-11 12:18:14,771 INFO org.apache.juli.logging.DirectJDKLog [restartedMain] Starting service [Tomcat]
2021-08-11 12:18:14,771 INFO org.apache.juli.logging.DirectJDKLog [restartedMain] Starting Servlet engine: [Apache Tomcat/9.0.50]
2021-08-11 12:18:14,854 INFO org.apache.juli.logging.DirectJDKLog [restartedMain] Initializing Spring embedded WebApplicationContext
2021-08-11 12:18:14,854 INFO org.springframework.boot.web.servlet.context.ServletWebServerApplicationContext [restartedMain] Root WebApplicationContext: initialization completed in 1639 ms
2021-08-11 12:18:15,143 INFO org.springframework.boot.autoconfigure.web.servlet.WelcomePageHandlerMapping [restartedMain] Adding welcome page: class path resource [static/index.html]
2021-08-11 12:18:15,302 INFO org.springframework.boot.devtools.autoconfigure.OptionalLiveReloadServer [restartedMain] LiveReload server is running on port 35729
2021-08-11 12:18:15,322 INFO org.apache.juli.logging.DirectJDKLog [restartedMain] Starting ProtocolHandler ["http-nio-8080"]
2021-08-11 12:18:15,365 INFO org.springframework.boot.web.embedded.tomcat.TomcatWebServer [restartedMain] Tomcat started on port(s): 8080 (http) with context path ''
2021-08-11 12:18:15,379 INFO org.springframework.boot.StartupInfoLogger [restartedMain] Started ShashinApplicationKt in 2.999 seconds (JVM running for 4.041)
2021-08-11 12:18:15,445 INFO org.apache.juli.logging.DirectJDKLog [http-nio-8080-exec-1] Initializing Spring DispatcherServlet 'dispatcherServlet'
2021-08-11 12:18:15,446 INFO org.springframework.web.servlet.FrameworkServlet [http-nio-8080-exec-1] Initializing Servlet 'dispatcherServlet'
2021-08-11 12:18:15,449 INFO org.springframework.web.servlet.FrameworkServlet [http-nio-8080-exec-1] Completed initialization in 2 ms
2021-08-11 12:18:15,584 INFO com.miyagi.shashin.FileUtils$Companion [Thread-7] Thread created: Thread-7.shashinscan
2021-08-11 12:18:15,641 INFO com.miyagi.shashin.FileUtils$Companion [Thread-7] YAML metadata created: DSCF1061.JPG.yaml
2021-08-11 12:18:16,290 INFO com.miyagi.shashin.FileUtils$Companion [Thread-7] Thumbnail created: DSCF1061.JPG.jpg
2021-08-11 12:18:16,320 INFO com.miyagi.shashin.FileUtils$Companion [Thread-7] YAML metadata created: DSCF1062.JPG.yaml
2021-08-11 12:18:16,901 INFO com.miyagi.shashin.FileUtils$Companion [Thread-7] Thumbnail created: DSCF1062.JPG.jpg
2021-08-11 12:18:16,926 INFO com.miyagi.shashin.FileUtils$Companion [Thread-7] YAML metadata created: DSCF1063.JPG.yaml
2021-08-11 12:18:17,337 INFO com.miyagi.shashin.FileUtils$Companion [Thread-7] Thumbnail created: DSCF1063.JPG.jpg
2021-08-11 12:18:17,350 INFO com.miyagi.shashin.FileUtils$Companion [Thread-7] YAML metadata created: DSCF1080.JPG.yaml
2021-08-11 12:18:17,710 INFO com.miyagi.shashin.FileUtils$Companion [Thread-7] Thumbnail created: DSCF1080.JPG.jpg
2021-08-11 12:18:17,722 INFO com.miyagi.shashin.FileUtils$Companion [Thread-7] YAML metadata created: DSCF1074.JPG.yaml
2021-08-11 12:18:18,383 INFO com.miyagi.shashin.FileUtils$Companion [Thread-7] Thumbnail created: DSCF1074.JPG.jpg
2021-08-11 12:18:18,396 INFO com.miyagi.shashin.FileUtils$Companion [Thread-7] YAML metadata created: DSCF1075.JPG.yaml
2021-08-11 12:18:18,858 INFO com.miyagi.shashin.FileUtils$Companion [Thread-7] Thumbnail created: DSCF1075.JPG.jpg
2021-08-11 12:18:18,871 INFO com.miyagi.shashin.FileUtils$Companion [Thread-7] YAML metadata created: DSCF1076.JPG.yaml
2021-08-11 12:18:19,221 INFO com.miyagi.shashin.FileUtils$Companion [Thread-7] Thumbnail created: DSCF1076.JPG.jpg
2021-08-11 12:18:19,232 INFO com.miyagi.shashin.FileUtils$Companion [Thread-7] YAML metadata created: DSCF1077.JPG.yaml
2021-08-11 12:18:19,589 INFO com.miyagi.shashin.FileUtils$Companion [Thread-7] Thumbnail created: DSCF1077.JPG.jpg
2021-08-11 12:18:19,598 INFO com.miyagi.shashin.FileUtils$Companion [Thread-7] YAML metadata created: DSCF1078.JPG.yaml
2021-08-11 12:18:19,920 INFO com.miyagi.shashin.FileUtils$Companion [Thread-7] Thumbnail created: DSCF1078.JPG.jpg
2021-08-11 12:18:19,928 INFO com.miyagi.shashin.FileUtils$Companion [Thread-7] YAML metadata created: DSCF1079.JPG.yaml
2021-08-11 12:18:20,257 INFO com.miyagi.shashin.FileUtils$Companion [Thread-7] Thumbnail created: DSCF1079.JPG.jpg
